Archive member included because of file (symbol)

D:\DESARROLLOS\sakura_sketch_v108_e2studio\sakura_sketch_v108_e2studio\src\gr_common\lib\librxduino.a(analogio.o)
                              ./src/gr_sketch.o (analogWrite)
D:\DESARROLLOS\sakura_sketch_v108_e2studio\sakura_sketch_v108_e2studio\src\gr_common\lib\librxduino.a(delay.o)
                              ./src/AndroidAccessory.o (delay)
D:\DESARROLLOS\sakura_sketch_v108_e2studio\sakura_sketch_v108_e2studio\src\gr_common\lib\librxduino.a(digitalio.o)
                              ./src/gr_sketch.o (pinMode)
D:\DESARROLLOS\sakura_sketch_v108_e2studio\sakura_sketch_v108_e2studio\src\gr_common\lib\librxduino.a(rxduino.o)
                              ../src/gr_common/gstart.o (main)
D:\DESARROLLOS\sakura_sketch_v108_e2studio\sakura_sketch_v108_e2studio\src\gr_common\lib\librxduino.a(serial.o)
                              ./src/gr_sketch.o (CSerial::begin(int, SCI_PORT))
D:\DESARROLLOS\sakura_sketch_v108_e2studio\sakura_sketch_v108_e2studio\src\gr_common\lib\librxduino.a(rxstring.o)
                              D:\DESARROLLOS\sakura_sketch_v108_e2studio\sakura_sketch_v108_e2studio\src\gr_common\lib\librxduino.a(serial.o) (String::c_str() const)
D:\DESARROLLOS\sakura_sketch_v108_e2studio\sakura_sketch_v108_e2studio\src\gr_common\lib\libstdc++.a(eh_personality.o)
                              D:\DESARROLLOS\sakura_sketch_v108_e2studio\sakura_sketch_v108_e2studio\src\gr_common\lib\librxduino.a(rxstring.o) (__gxx_personality_sj0)
D:\DESARROLLOS\sakura_sketch_v108_e2studio\sakura_sketch_v108_e2studio\src\gr_common\lib\libstdc++.a(eh_exception.o)
                              D:\DESARROLLOS\sakura_sketch_v108_e2studio\sakura_sketch_v108_e2studio\src\gr_common\lib\libstdc++.a(eh_personality.o) (typeinfo for std::bad_exception)
D:\DESARROLLOS\sakura_sketch_v108_e2studio\sakura_sketch_v108_e2studio\src\gr_common\lib\libstdc++.a(pure.o)
                              D:\DESARROLLOS\sakura_sketch_v108_e2studio\sakura_sketch_v108_e2studio\src\gr_common\lib\libstdc++.a(eh_exception.o) (__cxa_pure_virtual)
D:\DESARROLLOS\sakura_sketch_v108_e2studio\sakura_sketch_v108_e2studio\src\gr_common\lib\libstdc++.a(eh_globals.o)
                              D:\DESARROLLOS\sakura_sketch_v108_e2studio\sakura_sketch_v108_e2studio\src\gr_common\lib\libstdc++.a(eh_personality.o) (__cxa_get_globals_fast)
D:\DESARROLLOS\sakura_sketch_v108_e2studio\sakura_sketch_v108_e2studio\src\gr_common\lib\libstdc++.a(eh_terminate.o)
                              D:\DESARROLLOS\sakura_sketch_v108_e2studio\sakura_sketch_v108_e2studio\src\gr_common\lib\libstdc++.a(eh_personality.o) (__cxxabiv1::__terminate(void (*)()))
D:\DESARROLLOS\sakura_sketch_v108_e2studio\sakura_sketch_v108_e2studio\src\gr_common\lib\libstdc++.a(eh_alloc.o)
                              D:\DESARROLLOS\sakura_sketch_v108_e2studio\sakura_sketch_v108_e2studio\src\gr_common\lib\libstdc++.a(eh_personality.o) (__cxa_allocate_exception)
D:\DESARROLLOS\sakura_sketch_v108_e2studio\sakura_sketch_v108_e2studio\src\gr_common\lib\libstdc++.a(del_op.o)
                              D:\DESARROLLOS\sakura_sketch_v108_e2studio\sakura_sketch_v108_e2studio\src\gr_common\lib\libstdc++.a(eh_exception.o) (operator delete(void*))
D:\DESARROLLOS\sakura_sketch_v108_e2studio\sakura_sketch_v108_e2studio\src\gr_common\lib\libstdc++.a(eh_throw.o)
                              D:\DESARROLLOS\sakura_sketch_v108_e2studio\sakura_sketch_v108_e2studio\src\gr_common\lib\libstdc++.a(eh_personality.o) (__cxa_throw)
D:\DESARROLLOS\sakura_sketch_v108_e2studio\sakura_sketch_v108_e2studio\src\gr_common\lib\libstdc++.a(eh_unex_handler.o)
                              D:\DESARROLLOS\sakura_sketch_v108_e2studio\sakura_sketch_v108_e2studio\src\gr_common\lib\libstdc++.a(eh_terminate.o) (__cxxabiv1::__unexpected_handler)
D:\DESARROLLOS\sakura_sketch_v108_e2studio\sakura_sketch_v108_e2studio\src\gr_common\lib\libstdc++.a(si_class_type_info.o)
                              D:\DESARROLLOS\sakura_sketch_v108_e2studio\sakura_sketch_v108_e2studio\src\gr_common\lib\libstdc++.a(eh_exception.o) (vtable for __cxxabiv1::__si_class_type_info)
D:\DESARROLLOS\sakura_sketch_v108_e2studio\sakura_sketch_v108_e2studio\src\gr_common\lib\libstdc++.a(eh_catch.o)
                              D:\DESARROLLOS\sakura_sketch_v108_e2studio\sakura_sketch_v108_e2studio\src\gr_common\lib\libstdc++.a(eh_personality.o) (__cxa_begin_catch)
D:\DESARROLLOS\sakura_sketch_v108_e2studio\sakura_sketch_v108_e2studio\src\gr_common\lib\libstdc++.a(eh_term_handler.o)
                              D:\DESARROLLOS\sakura_sketch_v108_e2studio\sakura_sketch_v108_e2studio\src\gr_common\lib\libstdc++.a(eh_terminate.o) (__cxxabiv1::__terminate_handler)
D:\DESARROLLOS\sakura_sketch_v108_e2studio\sakura_sketch_v108_e2studio\src\gr_common\lib\libstdc++.a(class_type_info.o)
[...]
Memory Configuration

Name             Origin             Length             Attributes
*default*        0x00000000         0xffffffff

Linker script and memory map

LOAD ./src/AndroidAccessory.o
LOAD ./src/gr_sketch.o
LOAD ./src/gr_sakura_libs/InstWire.o
LOAD ./src/gr_common/intvect.o
LOAD ./src/gr_common/lowlevel.o

.text           0xfff00000    0x14648
 ../src/gr_common/gstart.o(P)
 P              0xfff00000       0x90 ../src/gr_common/gstart.o
                0xfff00000                start
                0xfff00000                PowerON_Reset_PC
                0xfff0008e                _rx_fini
                0xfff0008f                __cxa_atexit
 *(.text)
 .text          0xfff00090        0xf D:\DESARROLLOS\sakura_sketch_v108_e2studio\sakura_sketch_v108_e2studio\src\gr_common\lib\libc.a(lib_a-memchr.o)
                0xfff00090                memchr
 .text          0xfff0009f        0x7 D:\DESARROLLOS\sakura_sketch_v108_e2studio\sakura_sketch_v108_e2studio\src\gr_common\lib\libc.a(lib_a-memcpy.o)
                0xfff0009f                memcpy
 .text          0xfff000a6       0x17 D:\DESARROLLOS\sakura_sketch_v108_e2studio\sakura_sketch_v108_e2studio\src\gr_common\lib\libc.a(lib_a-memmove.o)
                0xfff000a6                memmove
 .text          0xfff000bd       0x10 D:\DESARROLLOS\sakura_sketch_v108_e2studio\sakura_sketch_v108_e2studio\src\gr_common\lib\libc.a(lib_a-strlen.o)
                0xfff000bd                strlen
 .text          0xfff000cd        0xc D:\DESARROLLOS\sakura_sketch_v108_e2studio\sakura_sketch_v108_e2studio\src\gr_common\lib\libc.a(lib_a-strncmp.o)
                0xfff000cd                strncmp
 .text          0xfff000d9       0x15 D:\DESARROLLOS\sakura_sketch_v108_e2studio\sakura_sketch_v108_e2studio\src\gr_common\lib\libc.a(lib_a-strncpy.o)
                0xfff000d9                strncpy
 .text          0xfff000ee        0x7 D:\DESARROLLOS\sakura_sketch_v108_e2studio\sakura_sketch_v108_e2studio\src\gr_common\lib\libc.a(lib_a-memset.o)
                0xfff000ee                memset
 .text          0xfff000f5        0xf D:\DESARROLLOS\sakura_sketch_v108_e2studio\sakura_sketch_v108_e2studio\src\gr_common\lib\libc.a(lib_a-strcmp.o)
                0xfff000f5                strcmp
 *(.text.*)
 .text.startup  0xfff00104       0x34 ./src/gr_sketch.o
 .text.startup  0xfff00138        0xa ./src/gr_sakura_libs/InstWire.o
 *fill*         0xfff00142        0x6 
 .text.startup  0xfff00148       0x20 D:\DESARROLLOS\sakura_sketch_v108_e2studio\sakura_sketch_v108_e2studio\src\gr_common\lib\librxduino.a(rxduino.o)
                0xfff00148                main
 .text.startup  0xfff00168       0x66 D:\DESARROLLOS\sakura_sketch_v108_e2studio\sakura_sketch_v108_e2studio\src\gr_common\lib\librxduino.a(serial.o)
 *fill*         0xfff001ce        0x2 
 .text._ZL12read_sleb128PKhPl
                0xfff001d0       0x38 D:\DESARROLLOS\sakura_sketch_v108_e2studio\sakura_sketch_v108_e2studio\src\gr_common\lib\libstdc++.a(eh_personality.o)
 .text._ZL21base_of_encoded_valuehP15_Unwind_Context
                0xfff00208       0x48 D:\DESARROLLOS\sakura_sketch_v108_e2studio\sakura_sketch_v108_e2studio\src\gr_common\lib\libstdc++.a(eh_personality.o)
 .text._ZL28read_encoded_value_with_basehjPKhPj
                0xfff00250       0xa0 D:\DESARROLLOS\sakura_sketch_v108_e2studio\sakura_sketch_v108_e2studio\src\gr_common\lib\libstdc++.a(eh_personality.o)
 .text._ZL17parse_lsda_headerP15_Unwind_ContextPKhP16lsda_header_info.constprop.5
                0xfff002f0       0x98 D:\DESARROLLOS\sakura_sketch_v108_e2studio\sakura_sketch_v108_e2studio\src\gr_common\lib\libstdc++.a(eh_personality.o)
 .text._ZL15get_ttype_entryP16lsda_header_infom.constprop.6
                0xfff00388       0x70 D:\DESARROLLOS\sakura_sketch_v108_e2studio\sakura_sketch_v108_e2studio\src\gr_common\lib\libstdc++.a(eh_personality.o)
 .text._ZL20check_exception_specP16lsda_header_infoPKSt9type_infoPvl.constprop.4
                0xfff003f8       0x78 D:\DESARROLLOS\sakura_sketch_v108_e2studio\sakura_sketch_v108_e2studio\src\gr_common\lib\libstdc++.a(eh_personality.o)
 .text.__gxx_personality_sj0
                0xfff00470      0x3d0 D:\DESARROLLOS\sakura_sketch_v108_e2studio\sakura_sketch_v108_e2studio\src\gr_common\lib\libstdc++.a(eh_personality.o)
                0xfff00470                __gxx_personality_sj0
 .text.__cxa_call_unexpected
                0xfff00840      0x100 D:\DESARROLLOS\sakura_sketch_v108_e2studio\sakura_sketch_v108_e2studio\src\gr_common\lib\libstdc++.a(eh_personality.o)
                0xfff00840                __cxa_call_unexpected
 .text._ZNSt9exceptionD2Ev
                0xfff00940        0x7 D:\DESARROLLOS\sakura_sketch_v108_e2studio\sakura_sketch_v108_e2studio\src\gr_common\lib\libstdc++.a(eh_exception.o)
                0xfff00940                std::exception::~exception()
                0xfff00940                std::exception::~exception()
 .text._ZNSt13bad_exceptionD2Ev
                0xfff00947        0x7 D:\DESARROLLOS\sakura_sketch_v108_e2studio\sakura_sketch_v108_e2studio\src\gr_common\lib\libstdc++.a(eh_exception.o)
                0xfff00947                std::bad_exception::~bad_exception()
                0xfff00947                std::bad_exception::~bad_exception()
 .text._ZN10__cxxabiv115__forced_unwindD2Ev
                0xfff0094e        0x7 D:\DESARROLLOS\sakura_sketch_v108_e2studio\sakura_sketch_v108_e2studio\src\gr_common\lib\libstdc++.a(eh_exception.o)
                0xfff0094e                __cxxabiv1::__forced_unwind::~__forced_unwind()
                0xfff0094e                __cxxabiv1::__forced_unwind::~__forced_unwind()
 .text._ZN10__cxxabiv119__foreign_exceptionD2Ev
                0xfff00955        0x7 D:\DESARROLLOS\sakura_sketch_v108_e2studio\sakura_sketch_v108_e2studio\src\gr_common\lib\libstdc++.a(eh_exception.o)
                0xfff00955                __cxxabiv1::__foreign_exception::~__foreign_exception()
                0xfff00955                __cxxabiv1::__foreign_exception::~__foreign_exception()
 .text._ZNKSt9exception4whatEv
                0xfff0095c        0x7 D:\DESARROLLOS\sakura_sketch_v108_e2studio\sakura_sketch_v108_e2studio\src\gr_common\lib\libstdc++.a(eh_exception.o)
                0xfff0095c                std::exception::what() const
 .text._ZNKSt13bad_exception4whatEv
                0xfff00963        0x7 D:\DESARROLLOS\sakura_sketch_v108_e2studio\sakura_sketch_v108_e2studio\src\gr_common\lib\libstdc++.a(eh_exception.o)
                0xfff00963                std::bad_exception::what() const
 .text._ZN10__cxxabiv119__foreign_exceptionD0Ev
                0xfff0096a        0xa D:\DESARROLLOS\sakura_sketch_v108_e2studio\sakura_sketch_v108_e2studio\src\gr_common\lib\libstdc++.a(eh_exception.o)
                0xfff0096a                __cxxabiv1::__foreign_exception::~__foreign_exception()
 .text._ZN10__cxxabiv115__forced_unwindD0Ev
                0xfff00974        0xa D:\DESARROLLOS\sakura_sketch_v108_e2studio\sakura_sketch_v108_e2studio\src\gr_common\lib\libstdc++.a(eh_exception.o)
                0xfff00974                __cxxabiv1::__forced_unwind::~__forced_unwind()
 .text._ZNSt13bad_exceptionD0Ev
                0xfff0097e        0xa D:\DESARROLLOS\sakura_sketch_v108_e2studio\sakura_sketch_v108_e2studio\src\gr_common\lib\libstdc++.a(eh_exception.o)
                0xfff0097e                std::bad_exception::~bad_exception()
 .text._ZNSt9exceptionD0Ev
                0xfff00988        0xa D:\DESARROLLOS\sakura_sketch_v108_e2studio\sakura_sketch_v108_e2studio\src\gr_common\lib\libstdc++.a(eh_exception.o)
                0xfff00988                std::exception::~exception()
 .text.__cxa_pure_virtual
                0xfff00992       0x13 D:\DESARROLLOS\sakura_sketch_v108_e2studio\sakura_sketch_v108_e2studio\src\gr_common\lib\libstdc++.a(pure.o)
                0xfff00992                __cxa_pure_virtual
 .text.__cxa_get_globals_fast
                0xfff009a5        0x7 D:\DESARROLLOS\sakura_sketch_v108_e2studio\sakura_sketch_v108_e2studio\src\gr_common\lib\libstdc++.a(eh_globals.o)
                0xfff009a5                __cxa_get_globals_fast
 .text.__cxa_get_globals
                0xfff009ac        0x7 D:\DESARROLLOS\sakura_sketch_v108_e2studio\sakura_sketch_v108_e2studio\src\gr_common\lib\libstdc++.a(eh_globals.o)
                0xfff009ac                __cxa_get_globals
 .text._ZN10__cxxabiv111__terminateEPFvvE
                0xfff009b3       0x76 D:\DESARROLLOS\sakura_sketch_v108_e2studio\sakura_sketch_v108_e2studio\src\gr_common\lib\libstdc++.a(eh_terminate.o)
                0xfff009b3                __cxxabiv1::__terminate(void (*)())
 .text._ZSt9terminatev
                0xfff00a29        0xc D:\DESARROLLOS\sakura_sketch_v108_e2studio\sakura_sketch_v108_e2studio\src\gr_common\lib\libstdc++.a(eh_terminate.o)
                0xfff00a29                std::terminate()
 .text._ZN10__cxxabiv112__unexpectedEPFvvE
                0xfff00a35        0x6 D:\DESARROLLOS\sakura_sketch_v108_e2studio\sakura_sketch_v108_e2studio\src\gr_common\lib\libstdc++.a(eh_terminate.o)
                0xfff00a35                __cxxabiv1::__unexpected(void (*)())
 .text._ZSt10unexpectedv
                0xfff00a3b        0xe D:\DESARROLLOS\sakura_sketch_v108_e2studio\sakura_sketch_v108_e2studio\src\gr_common\lib\libstdc++.a(eh_terminate.o)
                0xfff00a3b                std::unexpected()
 .text._ZSt13set_terminatePFvvE
                0xfff00a49        0xd D:\DESARROLLOS\sakura_sketch_v108_e2studio\sakura_sketch_v108_e2studio\src\gr_common\lib\libstdc++.a(eh_terminate.o)
                0xfff00a49                std::set_terminate(void (*)())
 .text._ZSt14set_unexpectedPFvvE
                0xfff00a56        0xd D:\DESARROLLOS\sakura_sketch_v108_e2studio\sakura_sketch_v108_e2studio\src\gr_common\lib\libstdc++.a(eh_terminate.o)
                0xfff00a56                std::set_unexpected(void (*)())
 *fill*         0xfff00a63        0x5 
 .text.__cxa_allocate_exception
                0xfff00a68       0x68 D:\DESARROLLOS\sakura_sketch_v108_e2studio\sakura_sketch_v108_e2studio\src\gr_common\lib\libstdc++.a(eh_alloc.o)
                0xfff00a68                __cxa_allocate_exception
 .text.__cxa_free_exception
                0xfff00ad0       0x40 D:\DESARROLLOS\sakura_sketch_v108_e2studio\sakura_sketch_v108_e2studio\src\gr_common\lib\libstdc++.a(eh_alloc.o)
                0xfff00ad0                __cxa_free_exception
 .text.__cxa_allocate_dependent_exception
                0xfff00b10       0x60 D:\DESARROLLOS\sakura_sketch_v108_e2studio\sakura_sketch_v108_e2studio\src\gr_common\lib\libstdc++.a(eh_alloc.o)
                0xfff00b10                __cxa_allocate_dependent_exception
 .text.__cxa_free_dependent_exception
                0xfff00b70       0x40 D:\DESARROLLOS\sakura_sketch_v108_e2studio\sakura_sketch_v108_e2studio\src\gr_common\lib\libstdc++.a(eh_alloc.o)
                0xfff00b70                __cxa_free_dependent_exception
 .text._ZdlPv   0xfff00bb0        0x8 D:\DESARROLLOS\sakura_sketch_v108_e2studio\sakura_sketch_v108_e2studio\src\gr_common\lib\libstdc++.a(del_op.o)
                0xfff00bb0                operator delete(void*)
 .text._ZL23__gxx_exception_cleanup19_Unwind_Reason_CodeP17_Unwind_Exception
                0xfff00bb8       0x30 D:\DESARROLLOS\sakura_sketch_v108_e2studio\sakura_sketch_v108_e2studio\src\gr_common\lib\libstdc++.a(eh_throw.o)
 .text.__cxa_throw
                0xfff00be8       0x4c D:\DESARROLLOS\sakura_sketch_v108_e2studio\sakura_sketch_v108_e2studio\src\gr_common\lib\libstdc++.a(eh_throw.o)
                0xfff00be8                __cxa_throw
 *fill*         0xfff00c34        0x4 
 .text.__cxa_rethrow
                0xfff00c38       0x50 D:\DESARROLLOS\sakura_sketch_v108_e2studio\sakura_sketch_v108_e2studio\src\gr_common\lib\libstdc++.a(eh_throw.o)
                0xfff00c38                __cxa_rethrow
 .text._ZN10__cxxabiv120__si_class_type_infoD2Ev
                0xfff00c88        0xa D:\DESARROLLOS\sakura_sketch_v108_e2studio\sakura_sketch_v108_e2studio\src\gr_common\lib\libstdc++.a(si_class_type_info.o)
                0xfff00c88                __cxxabiv1::__si_class_type_info::~__si_class_type_info()
                0xfff00c88                __cxxabiv1::__si_class_type_info::~__si_class_type_info()
 .text._ZN10__cxxabiv120__si_class_type_infoD0Ev
                0xfff00c92       0x16 D:\DESARROLLOS\sakura_sketch_v108_e2studio\sakura_sketch_v108_e2studio\src\gr_common\lib\libstdc++.a(si_class_type_info.o)
                0xfff00c92                __cxxabiv1::__si_class_type_info::~__si_class_type_info()
 .text._ZNK10__cxxabiv120__si_class_type_info11__do_upcastEPKNS_17__class_type_infoEPKvRNS1_15__upcast_resultE
                0xfff00ca8       0x33 D:\DESARROLLOS\sakura_sketch_v108_e2studio\sakura_sketch_v108_e2studio\src\gr_common\lib\libstdc++.a(si_class_type_info.o)
                0xfff00ca8                __cxxabiv1::__si_class_type_info::__do_upcast(__cxxabiv1::__class_type_info const*, void const*, __cxxabiv1::__class_type_info::__upcast_result&) const
 *fill*         0xfff00cdb        0x5 
 .text._ZNK10__cxxabiv120__si_class_type_info12__do_dyncastElNS_17__class_type_info10__sub_kindEPKS1_PKvS4_S6_RNS1_16__dyncast_resultE
                0xfff00ce0       0xc0 D:\DESARROLLOS\sakura_sketch_v108_e2studio\sakura_sketch_v108_e2studio\src\gr_common\lib\libstdc++.a(si_class_type_info.o)
                0xfff00ce0                __cxxabiv1::__si_class_type_info::__do_dyncast(long, __cxxabiv1::__class_type_info::__sub_kind, __cxxabiv1::__class_type_info const*, void const*, __cxxabiv1::__class_type_info const*, void const*, __cxxabiv1::__class_type_info::__dyncast_result&) const
 .text._ZNK10__cxxabiv120__si_class_type_info20__do_find_public_srcElPKvPKNS_17__class_type_infoES2_
                0xfff00da0       0x50 D:\DESARROLLOS\sakura_sketch_v108_e2studio\sakura_sketch_v108_e2studio\src\gr_common\lib\libstdc++.a(si_class_type_info.o)
                0xfff00da0                __cxxabiv1::__si_class_type_info::__do_find_public_src(long, void const*, __cxxabiv1::__class_type_info const*, void const*) const
 .text.__cxa_get_exception_ptr
                0xfff00df0        0x6 D:\DESARROLLOS\sakura_sketch_v108_e2studio\sakura_sketch_v108_e2studio\src\gr_common\lib\libstdc++.a(eh_catch.o)
                0xfff00df0                __cxa_get_exception_ptr
 *fill*         0xfff00df6        0x2 
 .text.__cxa_begin_catch
                0xfff00df8       0x60 D:\DESARROLLOS\sakura_sketch_v108_e2studio\sakura_sketch_v108_e2studio\src\gr_common\lib\libstdc++.a(eh_catch.o)
                0xfff00df8                __cxa_begin_catch
 .text.__cxa_end_catch
                0xfff00e58       0x68 D:\DESARROLLOS\sakura_sketch_v108_e2studio\sakura_sketch_v108_e2studio\src\gr_common\lib\libstdc++.a(eh_catch.o)
                0xfff00e58                __cxa_end_catch
 .text._ZSt18uncaught_exceptionv
                0xfff00ec0        0xe D:\DESARROLLOS\sakura_sketch_v108_e2studio\sakura_sketch_v108_e2studio\src\gr_common\lib\libstdc++.a(eh_catch.o)
                0xfff00ec0                std::uncaught_exception()
 .text._ZNK10__cxxabiv117__class_type_info11__do_upcastEPKS0_PPv
                0xfff00ece       0x3c D:\DESARROLLOS\sakura_sketch_v108_e2studio\sakura_sketch_v108_e2studio\src\gr_common\lib\libstdc++.a(class_type_info.o)
                0xfff00ece                __cxxabiv1::__class_type_info::__do_upcast(__cxxabiv1::__class_type_info const*, void**) const
 .text._ZNK10__cxxabiv117__class_type_info20__do_find_public_srcElPKvPKS0_S2_
                0xfff00f0a        0xe D:\DESARROLLOS\sakura_sketch_v108_e2studio\sakura_sketch_v108_e2studio\src\gr_common\lib\libstdc++.a(class_type_info.o)
                0xfff00f0a                __cxxabiv1::__class_type_info::__do_find_public_src(long, void const*, __cxxabiv1::__class_type_info const*, void const*) const
 .text._ZN10__cxxabiv117__class_type_infoD2Ev
                0xfff00f18        0xa D:\DESARROLLOS\sakura_sketch_v108_e2studio\sakura_sketch_v108_e2studio\src\gr_common\lib\libstdc++.a(class_type_info.o)
                0xfff00f18                __cxxabiv1::__class_type_info::~__class_type_info()
                0xfff00f18                __cxxabiv1::__class_type_info::~__class_type_info()
 .text._ZN10__cxxabiv117__class_type_infoD0Ev
                0xfff00f22       0x16 D:\DESARROLLOS\sakura_sketch_v108_e2studio\sakura_sketch_v108_e2studio\src\gr_common\lib\libstdc++.a(class_type_info.o)
                0xfff00f22                __cxxabiv1::__class_type_info::~__class_type_info()
 .text._ZNK10__cxxabiv117__class_type_info11__do_upcastEPKS0_PKvRNS0_15__upcast_resultE
                0xfff00f38       0x40 D:\DESARROLLOS\sakura_sketch_v108_e2studio\sakura_sketch_v108_e2studio\src\gr_common\lib\libstdc++.a(class_type_info.o)
                0xfff00f38                __cxxabiv1::__class_type_info::__do_upcast(__cxxabiv1::__class_type_info const*, void const*, __cxxabiv1::__class_type_info::__upcast_result&) const
 .text._ZNK10__cxxabiv117__class_type_info10__do_catchEPKSt9type_infoPPvj
                0xfff00f78       0x58 D:\DESARROLLOS\sakura_sketch_v108_e2studio\sakura_sketch_v108_e2studio\src\gr_common\lib\libstdc++.a(class_type_info.o)
                0xfff00f78                __cxxabiv1::__class_type_info::__do_catch(std::type_info const*, void**, unsigned int) const
 .text._ZNK10__cxxabiv117__class_type_info12__do_dyncastElNS0_10__sub_kindEPKS0_PKvS3_S5_RNS0_16__dyncast_resultE
                0xfff00fd0       0x78 D:\DESARROLLOS\sakura_sketch_v108_e2studio\sakura_sketch_v108_e2studio\src\gr_common\lib\libstdc++.a(class_type_info.o)
                0xfff00fd0                __cxxabiv1::__class_type_info::__do_dyncast(long, __cxxabiv1::__class_type_info::__sub_kind, __cxxabiv1::__class_type_info const*, void const*, __cxxabiv1::__class_type_info const*, void const*, __cxxabiv1::__class_type_info::__dyncast_result&) const
 .text.__cxa_call_terminate
                0xfff01048       0x38 D:\DESARROLLOS\sakura_sketch_v108_e2studio\sakura_sketch_v108_e2studio\src\gr_common\lib\libstdc++.a(eh_call.o)
                0xfff01048                __cxa_call_terminate
 .text._ZNSt9type_infoD2Ev
                0xfff01080        0x7 D:\DESARROLLOS\sakura_sketch_v108_e2studio\sakura_sketch_v108_e2studio\src\gr_common\lib\libstdc++.a(tinfo.o)
                0xfff01080                std::type_info::~type_info()
                0xfff01080                std::type_info::~type_info()
 .text._ZNKSt9type_info14__is_pointer_pEv
                0xfff01087        0x5 D:\DESARROLLOS\sakura_sketch_v108_e2studio\sakura_sketch_v108_e2studio\src\gr_common\lib\libstdc++.a(tinfo.o)
                0xfff01087                std::type_info::__is_pointer_p() const
 .text._ZNKSt9type_info15__is_function_pEv
                0xfff0108c        0x5 D:\DESARROLLOS\sakura_sketch_v108_e2studio\sakura_sketch_v108_e2studio\src\gr_common\lib\libstdc++.a(tinfo.o)
                0xfff0108c                std::type_info::__is_function_p() const
 .text._ZNKSt9type_info11__do_upcastEPKN10__cxxabiv117__class_type_infoEPPv
                0xfff01091        0x5 D:\DESARROLLOS\sakura_sketch_v108_e2studio\sakura_sketch_v108_e2studio\src\gr_common\lib\libstdc++.a(tinfo.o)
                0xfff01091                std::type_info::__do_upcast(__cxxabiv1::__class_type_info const*, void**) const
 .text._ZNKSt9type_info10__do_catchEPKS_PPvj
                0xfff01096       0x3f D:\DESARROLLOS\sakura_sketch_v108_e2studio\sakura_sketch_v108_e2studio\src\gr_common\lib\libstdc++.a(tinfo.o)
                0xfff01096                std::type_info::__do_catch(std::type_info const*, void**, unsigned int) const
 .text._ZNSt9type_infoD0Ev
                0xfff010d5        0xa D:\DESARROLLOS\sakura_sketch_v108_e2studio\sakura_sketch_v108_e2studio\src\gr_common\lib\libstdc++.a(tinfo.o)
                0xfff010d5                std::type_info::~type_info()
 *fill*         0xfff010df        0x1 
 .text._ZN9__gnu_cxx27__verbose_terminate_handlerEv
                0xfff010e0      0x1b8 D:\DESARROLLOS\sakura_sketch_v108_e2studio\sakura_sketch_v108_e2studio\src\gr_common\lib\libstdc++.a(vterminate.o)
                0xfff010e0                __gnu_cxx::__verbose_terminate_handler()
 .text.__cxa_current_exception_type
                0xfff01298       0x1e D:\DESARROLLOS\sakura_sketch_v108_e2studio\sakura_sketch_v108_e2studio\src\gr_common\lib\libstdc++.a(eh_type.o)
                0xfff01298                __cxa_current_exception_type
 .text.abort    0xfff012b6        0xc D:\DESARROLLOS\sakura_sketch_v108_e2studio\sakura_sketch_v108_e2studio\src\gr_common\lib\libc.a(lib_a-abort.o)
                0xfff012b6                abort
 .text.__errno  0xfff012c2        0x9 D:\DESARROLLOS\sakura_sketch_v108_e2studio\sakura_sketch_v108_e2studio\src\gr_common\lib\libc.a(lib_a-errno.o)
                0xfff012c2                __errno
 *fill*         0xfff012cb        0x1 
 .text._fputc_r
                0xfff012cc       0x26 D:\DESARROLLOS\sakura_sketch_v108_e2studio\sakura_sketch_v108_e2studio\src\gr_common\lib\libc.a(lib_a-fputc.o)
                0xfff012cc                _fputc_r
 .text.fputc    0xfff012f2       0x12 D:\DESARROLLOS\sakura_sketch_v108_e2studio\sakura_sketch_v108_e2studio\src\gr_common\lib\libc.a(lib_a-fputc.o)
                0xfff012f2                fputc
 .text._fputs_r
                0xfff01304       0x54 D:\DESARROLLOS\sakura_sketch_v108_e2studio\sakura_sketch_v108_e2studio\src\gr_common\lib\libc.a(lib_a-fputs.o)
                0xfff01304                _fputs_r
 .text.fputs    0xfff01358       0x12 D:\DESARROLLOS\sakura_sketch_v108_e2studio\sakura_sketch_v108_e2studio\src\gr_common\lib\libc.a(lib_a-fputs.o)
                0xfff01358                fputs
 .text.__sfvwrite_r
                0xfff0136a      0x296 D:\DESARROLLOS\sakura_sketch_v108_e2studio\sakura_sketch_v108_e2studio\src\gr_common\lib\libc.a(lib_a-fvwrite.o)
                0xfff0136a                __sfvwrite_r
 .text._fwrite_r
                0xfff01600       0x64 D:\DESARROLLOS\sakura_sketch_v108_e2studio\sakura_sketch_v108_e2studio\src\gr_common\lib\libc.a(lib_a-fwrite.o)
                0xfff01600                _fwrite_r
 .text.fwrite   0xfff01664       0x1e D:\DESARROLLOS\sakura_sketch_v108_e2studio\sakura_sketch_v108_e2studio\src\gr_common\lib\libc.a(lib_a-fwrite.o)
                0xfff01664                fwrite
 .text.iscntrl  0xfff01682       0x11 D:\DESARROLLOS\sakura_sketch_v108_e2studio\sakura_sketch_v108_e2studio\src\gr_common\lib\libc.a(lib_a-iscntrl.o)
                0xfff01682                iscntrl
 .text.isgraph  0xfff01693       0x11 D:\DESARROLLOS\sakura_sketch_v108_e2studio\sakura_sketch_v108_e2studio\src\gr_common\lib\libc.a(lib_a-isprint.o)
                0xfff01693                isgraph
 .text.isprint  0xfff016a4       0x12 D:\DESARROLLOS\sakura_sketch_v108_e2studio\sakura_sketch_v108_e2studio\src\gr_common\lib\libc.a(lib_a-isprint.o)
                0xfff016a4                isprint
 .text.isspace  0xfff016b6       0x10 D:\DESARROLLOS\sakura_sketch_v108_e2studio\sakura_sketch_v108_e2studio\src\gr_common\lib\libc.a(lib_a-isspace.o)
                0xfff016b6                isspace
 .text.malloc   0xfff016c6        0xe D:\DESARROLLOS\sakura_sketch_v108_e2studio\sakura_sketch_v108_e2studio\src\gr_common\lib\libc.a(lib_a-malloc.o)
                0xfff016c6                malloc
 .text.free     0xfff016d4        0xe D:\DESARROLLOS\sakura_sketch_v108_e2studio\sakura_sketch_v108_e2studio\src\gr_common\lib\libc.a(lib_a-malloc.o)
                0xfff016d4                free
 .text._malloc_r
                0xfff016e2      0x490 D:\DESARROLLOS\sakura_sketch_v108_e2studio\sakura_sketch_v108_e2studio\src\gr_common\lib\libc.a(lib_a-mallocr.o)
                0xfff016e2                _malloc_r
 .text.memcmp   0xfff01b72       0x18 D:\DESARROLLOS\sakura_sketch_v108_e2studio\sakura_sketch_v108_e2studio\src\gr_common\lib\libc.a(lib_a-memcmp.o)
                0xfff01b72                memcmp
 .text.__malloc_lock
                0xfff01b8a        0x1 D:\DESARROLLOS\sakura_sketch_v108_e2studio\sakura_sketch_v108_e2studio\src\gr_common\lib\libc.a(lib_a-mlock.o)
                0xfff01b8a                __malloc_lock
 .text.__malloc_unlock
                0xfff01b8b        0x1 D:\DESARROLLOS\sakura_sketch_v108_e2studio\sakura_sketch_v108_e2studio\src\gr_common\lib\libc.a(lib_a-mlock.o)
                0xfff01b8b                __malloc_unlock
 .text._printf_r
                0xfff01b8c       0x11 D:\DESARROLLOS\sakura_sketch_v108_e2studio\sakura_sketch_v108_e2studio\src\gr_common\lib\libc.a(lib_a-printf.o)
                0xfff01b8c                _printf_r
 .text.printf   0xfff01b9d       0x19 D:\DESARROLLOS\sakura_sketch_v108_e2studio\sakura_sketch_v108_e2studio\src\gr_common\lib\libc.a(lib_a-printf.o)
                0xfff01b9d                printf
 .text._putc_r  0xfff01bb6       0x58 D:\DESARROLLOS\sakura_sketch_v108_e2studio\sakura_sketch_v108_e2studio\src\gr_common\lib\libc.a(lib_a-putc.o)
                0xfff01bb6                _putc_r
 .text.putc     0xfff01c0e       0x12 D:\DESARROLLOS\sakura_sketch_v108_e2studio\sakura_sketch_v108_e2studio\src\gr_common\lib\libc.a(lib_a-putc.o)
                0xfff01c0e                putc
 .text._puts_r  0xfff01c20       0x66 D:\DESARROLLOS\sakura_sketch_v108_e2studio\sakura_sketch_v108_e2studio\src\gr_common\lib\libc.a(lib_a-puts.o)
                0xfff01c20                _puts_r
 .text.puts     0xfff01c86        0xe D:\DESARROLLOS\sakura_sketch_v108_e2studio\sakura_sketch_v108_e2studio\src\gr_common\lib\libc.a(lib_a-puts.o)
                0xfff01c86                puts
 .text.realloc  0xfff01c94       0x12 D:\DESARROLLOS\sakura_sketch_v108_e2studio\sakura_sketch_v108_e2studio\src\gr_common\lib\libc.a(lib_a-realloc.o)
                0xfff01c94                realloc
 .text._realloc_r
                0xfff01ca6      0x378 D:\DESARROLLOS\sakura_sketch_v108_e2studio\sakura_sketch_v108_e2studio\src\gr_common\lib\libc.a(lib_a-reallocr.o)
                0xfff01ca6                _realloc_r
 .text._sbrk_r  0xfff0201e       0x22 D:\DESARROLLOS\sakura_sketch_v108_e2studio\sakura_sketch_v108_e2studio\src\gr_common\lib\libc.a(lib_a-sbrkr.o)
                0xfff0201e                _sbrk_r
 .text._init_signal_r
                0xfff02040       0x34 D:\DESARROLLOS\sakura_sketch_v108_e2studio\sakura_sketch_v108_e2studio\src\gr_common\lib\libc.a(lib_a-signal.o)
                0xfff02040                _init_signal_r
 .text._signal_r
                0xfff02074       0x32 D:\DESARROLLOS\sakura_sketch_v108_e2studio\sakura_sketch_v108_e2studio\src\gr_common\lib\libc.a(lib_a-signal.o)
                0xfff02074                _signal_r
 .text._raise_r
                0xfff020a6       0x54 D:\DESARROLLOS\sakura_sketch_v108_e2studio\sakura_sketch_v108_e2studio\src\gr_common\lib\libc.a(lib_a-signal.o)
                0xfff020a6                _raise_r
 .text.__sigtramp_r
                0xfff020fa       0x4c D:\DESARROLLOS\sakura_sketch_v108_e2studio\sakura_sketch_v108_e2studio\src\gr_common\lib\libc.a(lib_a-signal.o)
                0xfff020fa                __sigtramp_r
 .text.raise    0xfff02146        0xe D:\DESARROLLOS\sakura_sketch_v108_e2studio\sakura_sketch_v108_e2studio\src\gr_common\lib\libc.a(lib_a-signal.o)
                0xfff02146                raise
 .text.signal   0xfff02154       0x12 D:\DESARROLLOS\sakura_sketch_v108_e2studio\sakura_sketch_v108_e2studio\src\gr_common\lib\libc.a(lib_a-signal.o)
                0xfff02154                signal
 .text._init_signal
                0xfff02166        0xc D:\DESARROLLOS\sakura_sketch_v108_e2studio\sakura_sketch_v108_e2studio\src\gr_common\lib\libc.a(lib_a-signal.o)
                0xfff02166                _init_signal
 .text.__sigtramp
                0xfff02172        0xe D:\DESARROLLOS\sakura_sketch_v108_e2studio\sakura_sketch_v108_e2studio\src\gr_common\lib\libc.a(lib_a-signal.o)
                0xfff02172                __sigtramp
 .text._kill_r  0xfff02180       0x24 D:\DESARROLLOS\sakura_sketch_v108_e2studio\sakura_sketch_v108_e2studio\src\gr_common\lib\libc.a(lib_a-signalr.o)
                0xfff02180                _kill_r
 .text._getpid_r
                0xfff021a4        0x4 D:\DESARROLLOS\sakura_sketch_v108_e2studio\sakura_sketch_v108_e2studio\src\gr_common\lib\libc.a(lib_a-signalr.o)
                0xfff021a4                _getpid_r
 .text._sprintf_r
                0xfff021a8       0x33 D:\DESARROLLOS\sakura_sketch_v108_e2studio\sakura_sketch_v108_e2studio\src\gr_common\lib\libc.a(lib_a-sprintf.o)
                0xfff021a8                _sprintf_r
 .text.sprintf  0xfff021db       0x3b D:\DESARROLLOS\sakura_sketch_v108_e2studio\sakura_sketch_v108_e2studio\src\gr_common\lib\libc.a(lib_a-sprintf.o)
                0xfff021db                sprintf
 .text.strcasecmp
                0xfff02216       0x36 D:\DESARROLLOS\sakura_sketch_v108_e2studio\sakura_sketch_v108_e2studio\src\gr_common\lib\libc.a(lib_a-strcasecmp.o)
                0xfff02216                strcasecmp
 .text.strchr   0xfff0224c       0x1a D:\DESARROLLOS\sakura_sketch_v108_e2studio\sakura_sketch_v108_e2studio\src\gr_common\lib\libc.a(lib_a-strchr.o)
                0xfff0224c                strchr
 .text.strlwr   0xfff02266       0x24 D:\DESARROLLOS\sakura_sketch_v108_e2studio\sakura_sketch_v108_e2studio\src\gr_common\lib\libc.a(lib_a-strlwr.o)
                0xfff02266                strlwr
 .text.strstr   0xfff0228a       0x2e D:\DESARROLLOS\sakura_sketch_v108_e2studio\sakura_sketch_v108_e2studio\src\gr_common\lib\libc.a(lib_a-strstr.o)
                0xfff0228a                strstr
 .text.strupr   0xfff022b8       0x24 D:\DESARROLLOS\sakura_sketch_v108_e2studio\sakura_sketch_v108_e2studio\src\gr_common\lib\libc.a(lib_a-strupr.o)
                0xfff022b8                strupr
 .text._svfprintf_r
                0xfff022dc      0xfee D:\DESARROLLOS\sakura_sketch_v108_e2studio\sakura_sketch_v108_e2studio\src\gr_common\lib\libc.a(lib_a-svfprintf.o)
                0xfff022dc                _svfprintf_r
 .text._vfprintf_r
                0xfff032ca     0x1152 D:\DESARROLLOS\sakura_sketch_v108_e2studio\sakura_sketch_v108_e2studio\src\gr_common\lib\libc.a(lib_a-vfprintf.o)
                0xfff032ca                _vfprintf_r
 .text.vfprintf
                0xfff0441c       0x16 D:\DESARROLLOS\sakura_sketch_v108_e2studio\sakura_sketch_v108_e2studio\src\gr_common\lib\libc.a(lib_a-vfprintf.o)
                0xfff0441c                vfprintf
 .text.__swbuf_r
                0xfff04432       0xaa D:\DESARROLLOS\sakura_sketch_v108_e2studio\sakura_sketch_v108_e2studio\src\gr_common\lib\libc.a(lib_a-wbuf.o)
                0xfff04432                __swbuf_r
 .text.__swbuf  0xfff044dc       0x12 D:\DESARROLLOS\sakura_sketch_v108_e2studio\sakura_sketch_v108_e2studio\src\gr_common\lib\libc.a(lib_a-wbuf.o)
                0xfff044dc                __swbuf
 .text.__swsetup_r
                0xfff044ee       0xce D:\DESARROLLOS\sakura_sketch_v108_e2studio\sakura_sketch_v108_e2studio\src\gr_common\lib\libc.a(lib_a-wsetup.o)
                0xfff044ee                __swsetup_r
 .text.quorem   0xfff045bc      0x11a D:\DESARROLLOS\sakura_sketch_v108_e2studio\sakura_sketch_v108_e2studio\src\gr_common\lib\libc.a(lib_a-dtoa.o)
 .text._dtoa_r  0xfff046d6      0x98c D:\DESARROLLOS\sakura_sketch_v108_e2studio\sakura_sketch_v108_e2studio\src\gr_common\lib\libc.a(lib_a-dtoa.o)
                0xfff046d6                _dtoa_r
 .text.__sflush_r
                0xfff05062      0x142 D:\DESARROLLOS\sakura_sketch_v108_e2studio\sakura_sketch_v108_e2studio\src\gr_common\lib\libc.a(lib_a-fflush.o)
                0xfff05062                __sflush_r
 .text._fflush_r
                0xfff051a4       0x2c D:\DESARROLLOS\sakura_sketch_v108_e2studio\sakura_sketch_v108_e2studio\src\gr_common\lib\libc.a(lib_a-fflush.o)
                0xfff051a4                _fflush_r
 .text.fflush   0xfff051d0       0x23 D:\DESARROLLOS\sakura_sketch_v108_e2studio\sakura_sketch_v108_e2studio\src\gr_common\lib\libc.a(lib_a-fflush.o)
                0xfff051d0                fflush
 .text.__fp_lock
                0xfff051f3        0x3 D:\DESARROLLOS\sakura_sketch_v108_e2studio\sakura_sketch_v108_e2studio\src\gr_common\lib\libc.a(lib_a-findfp.o)
 .text.__fp_unlock
                0xfff051f6        0x3 D:\DESARROLLOS\sakura_sketch_v108_e2studio\sakura_sketch_v108_e2studio\src\gr_common\lib\libc.a(lib_a-findfp.o)
 .text._cleanup_r
                0xfff051f9        0xa D:\DESARROLLOS\sakura_sketch_v108_e2studio\sakura_sketch_v108_e2studio\src\gr_common\lib\libc.a(lib_a-findfp.o)
                0xfff051f9                _cleanup_r
 .text.std.isra.0
                0xfff05203       0x49 D:\DESARROLLOS\sakura_sketch_v108_e2studio\sakura_sketch_v108_e2studio\src\gr_common\lib\libc.a(lib_a-findfp.o)
 .text.__sfmoreglue
                0xfff0524c       0x2e D:\DESARROLLOS\sakura_sketch_v108_e2studio\sakura_sketch_v108_e2studio\src\gr_common\lib\libc.a(lib_a-findfp.o)
                0xfff0524c                __sfmoreglue
 .text._cleanup
                0xfff0527a        0xc D:\DESARROLLOS\sakura_sketch_v108_e2studio\sakura_sketch_v108_e2studio\src\gr_common\lib\libc.a(lib_a-findfp.o)
                0xfff0527a                _cleanup
 .text.__sinit  0xfff05286       0x46 D:\DESARROLLOS\sakura_sketch_v108_e2studio\sakura_sketch_v108_e2studio\src\gr_common\lib\libc.a(lib_a-findfp.o)
                0xfff05286                __sinit
 .text.__sfp    0xfff052cc       0x8e D:\DESARROLLOS\sakura_sketch_v108_e2studio\sakura_sketch_v108_e2studio\src\gr_common\lib\libc.a(lib_a-findfp.o)
                0xfff052cc                __sfp
 .text.__sfp_lock_acquire
                0xfff0535a        0x1 D:\DESARROLLOS\sakura_sketch_v108_e2studio\sakura_sketch_v108_e2studio\src\gr_common\lib\libc.a(lib_a-findfp.o)
                0xfff0535a                __sfp_lock_acquire
 .text.__sfp_lock_release
                0xfff0535b        0x1 D:\DESARROLLOS\sakura_sketch_v108_e2studio\sakura_sketch_v108_e2studio\src\gr_common\lib\libc.a(lib_a-findfp.o)
                0xfff0535b                __sfp_lock_release
 .text.__sinit_lock_acquire
                0xfff0535c        0x1 D:\DESARROLLOS\sakura_sketch_v108_e2studio\sakura_sketch_v108_e2studio\src\gr_common\lib\libc.a(lib_a-findfp.o)
                0xfff0535c                __sinit_lock_acquire
 .text.__sinit_lock_release
                0xfff0535d        0x1 D:\DESARROLLOS\sakura_sketch_v108_e2studio\sakura_sketch_v108_e2studio\src\gr_common\lib\libc.a(lib_a-findfp.o)
                0xfff0535d                __sinit_lock_release
 .text.__fp_lock_all
                0xfff0535e       0x12 D:\DESARROLLOS\sakura_sketch_v108_e2studio\sakura_sketch_v108_e2studio\src\gr_common\lib\libc.a(lib_a-findfp.o)
                0xfff0535e                __fp_lock_all
 .text.__fp_unlock_all
                0xfff05370       0x12 D:\DESARROLLOS\sakura_sketch_v108_e2studio\sakura_sketch_v108_e2studio\src\gr_common\lib\libc.a(lib_a-findfp.o)
                0xfff05370                __fp_unlock_all
 .text._malloc_trim_r
                0xfff05382       0xa4 D:\DESARROLLOS\sakura_sketch_v108_e2studio\sakura_sketch_v108_e2studio\src\gr_common\lib\libc.a(lib_a-freer.o)
                0xfff05382                _malloc_trim_r
 .text._free_r  0xfff05426      0x19e D:\DESARROLLOS\sakura_sketch_v108_e2studio\sakura_sketch_v108_e2studio\src\gr_common\lib\libc.a(lib_a-freer.o)
                0xfff05426                _free_r
 .text._fwalk   0xfff055c4       0x44 D:\DESARROLLOS\sakura_sketch_v108_e2studio\sakura_sketch_v108_e2studio\src\gr_common\lib\libc.a(lib_a-fwalk.o)
                0xfff055c4                _fwalk
 .text._fwalk_reent
                0xfff05608       0x48 D:\DESARROLLOS\sakura_sketch_v108_e2studio\sakura_sketch_v108_e2studio\src\gr_common\lib\libc.a(lib_a-fwalk.o)
                0xfff05608                _fwalk_reent
 .text._setlocale_r
                0xfff05650       0x4a D:\DESARROLLOS\sakura_sketch_v108_e2studio\sakura_sketch_v108_e2studio\src\gr_common\lib\libc.a(lib_a-locale.o)
                0xfff05650                _setlocale_r
 .text.__locale_charset
                0xfff0569a        0x7 D:\DESARROLLOS\sakura_sketch_v108_e2studio\sakura_sketch_v108_e2studio\src\gr_common\lib\libc.a(lib_a-locale.o)
                0xfff0569a                __locale_charset
 .text.__locale_mb_cur_max
                0xfff056a1        0x9 D:\DESARROLLOS\sakura_sketch_v108_e2studio\sakura_sketch_v108_e2studio\src\gr_common\lib\libc.a(lib_a-locale.o)
                0xfff056a1                __locale_mb_cur_max
 .text.__locale_msgcharset
                0xfff056aa        0x7 D:\DESARROLLOS\sakura_sketch_v108_e2studio\sakura_sketch_v108_e2studio\src\gr_common\lib\libc.a(lib_a-locale.o)
                0xfff056aa                __locale_msgcharset
 .text.__locale_cjk_lang
                0xfff056b1        0x3 D:\DESARROLLOS\sakura_sketch_v108_e2studio\sakura_sketch_v108_e2studio\src\gr_common\lib\libc.a(lib_a-locale.o)
                0xfff056b1                __locale_cjk_lang
 .text._localeconv_r
                0xfff056b4        0x7 D:\DESARROLLOS\sakura_sketch_v108_e2studio\sakura_sketch_v108_e2studio\src\gr_common\lib\libc.a(lib_a-locale.o)
                0xfff056b4                _localeconv_r
 .text.setlocale
                0xfff056bb       0x12 D:\DESARROLLOS\sakura_sketch_v108_e2studio\sakura_sketch_v108_e2studio\src\gr_common\lib\libc.a(lib_a-locale.o)
                0xfff056bb                setlocale
 .text.localeconv
                0xfff056cd        0x7 D:\DESARROLLOS\sakura_sketch_v108_e2studio\sakura_sketch_v108_e2studio\src\gr_common\lib\libc.a(lib_a-locale.o)
                0xfff056cd                localeconv
 .text.__smakebuf_r
                0xfff056d4       0xd6 D:\DESARROLLOS\sakura_sketch_v108_e2studio\sakura_sketch_v108_e2studio\src\gr_common\lib\libc.a(lib_a-makebuf.o)
                0xfff056d4                __smakebuf_r
 .text._Balloc  0xfff057aa       0x54 D:\DESARROLLOS\sakura_sketch_v108_e2studio\sakura_sketch_v108_e2studio\src\gr_common\lib\libc.a(lib_a-mprec.o)
                0xfff057aa                _Balloc
 .text._Bfree   0xfff057fe       0x1a D:\DESARROLLOS\sakura_sketch_v108_e2studio\sakura_sketch_v108_e2studio\src\gr_common\lib\libc.a(lib_a-mprec.o)
                0xfff057fe                _Bfree
 .text.__multadd
                0xfff05818       0x7c D:\DESARROLLOS\sakura_sketch_v108_e2studio\sakura_sketch_v108_e2studio\src\gr_common\lib\libc.a(lib_a-mprec.o)
                0xfff05818                __multadd
 .text.__s2b    0xfff05894       0x80 D:\DESARROLLOS\sakura_sketch_v108_e2studio\sakura_sketch_v108_e2studio\src\gr_common\lib\libc.a(lib_a-mprec.o)
                0xfff05894                __s2b
 .text.__hi0bits
                0xfff05914       0x4a D:\DESARROLLOS\sakura_sketch_v108_e2studio\sakura_sketch_v108_e2studio\src\gr_common\lib\libc.a(lib_a-mprec.o)
                0xfff05914                __hi0bits
 .text.__lo0bits
                0xfff0595e       0x66 D:\DESARROLLOS\sakura_sketch_v108_e2studio\sakura_sketch_v108_e2studio\src\gr_common\lib\libc.a(lib_a-mprec.o)
                0xfff0595e                __lo0bits
 .text.__i2b    0xfff059c4       0x12 D:\DESARROLLOS\sakura_sketch_v108_e2studio\sakura_sketch_v108_e2studio\src\gr_common\lib\libc.a(lib_a-mprec.o)
                0xfff059c4                __i2b
 .text.__multiply
                0xfff059d6      0x11a D:\DESARROLLOS\sakura_sketch_v108_e2studio\sakura_sketch_v108_e2studio\src\gr_common\lib\libc.a(lib_a-mprec.o)
                0xfff059d6                __multiply
 .text.__pow5mult
                0xfff05af0       0x88 D:\DESARROLLOS\sakura_sketch_v108_e2studio\sakura_sketch_v108_e2studio\src\gr_common\lib\libc.a(lib_a-mprec.o)
                0xfff05af0                __pow5mult
 .text.__lshift
                0xfff05b78       0x9e D:\DESARROLLOS\sakura_sketch_v108_e2studio\sakura_sketch_v108_e2studio\src\gr_common\lib\libc.a(lib_a-mprec.o)
                0xfff05b78                __lshift
 .text.__mcmp   0xfff05c16       0x2c D:\DESARROLLOS\sakura_sketch_v108_e2studio\sakura_sketch_v108_e2studio\src\gr_common\lib\libc.a(lib_a-mprec.o)
                0xfff05c16                __mcmp
 .text.__mdiff  0xfff05c42       0xd4 D:\DESARROLLOS\sakura_sketch_v108_e2studio\sakura_sketch_v108_e2studio\src\gr_common\lib\libc.a(lib_a-mprec.o)
                0xfff05c42                __mdiff
 .text.__ulp    0xfff05d16       0x27 D:\DESARROLLOS\sakura_sketch_v108_e2studio\sakura_sketch_v108_e2studio\src\gr_common\lib\libc.a(lib_a-mprec.o)
                0xfff05d16                __ulp
 *fill*         0xfff05d3d        0x1 
 .text.__b2d    0xfff05d3e       0x6a D:\DESARROLLOS\sakura_sketch_v108_e2studio\sakura_sketch_v108_e2studio\src\gr_common\lib\libc.a(lib_a-mprec.o)
                0xfff05d3e                __b2d
 .text.__d2b    0xfff05da8       0x6a D:\DESARROLLOS\sakura_sketch_v108_e2studio\sakura_sketch_v108_e2studio\src\gr_common\lib\libc.a(lib_a-mprec.o)
                0xfff05da8                __d2b
 .text.__ratio  0xfff05e12       0x42 D:\DESARROLLOS\sakura_sketch_v108_e2studio\sakura_sketch_v108_e2studio\src\gr_common\lib\libc.a(lib_a-mprec.o)
                0xfff05e12                __ratio
 .text._mprec_log10
                0xfff05e54       0x24 D:\DESARROLLOS\sakura_sketch_v108_e2studio\sakura_sketch_v108_e2studio\src\gr_common\lib\libc.a(lib_a-mprec.o)
                0xfff05e54                _mprec_log10
 .text.__copybits
                0xfff05e78       0x32 D:\DESARROLLOS\sakura_sketch_v108_e2studio\sakura_sketch_v108_e2studio\src\gr_common\lib\libc.a(lib_a-mprec.o)
                0xfff05e78                __copybits
 .text.__any_on
                0xfff05eaa       0x40 D:\DESARROLLOS\sakura_sketch_v108_e2studio\sakura_sketch_v108_e2studio\src\gr_common\lib\libc.a(lib_a-mprec.o)
                0xfff05eaa                __any_on
 .text.cleanup_glue
                0xfff05eea       0x1a D:\DESARROLLOS\sakura_sketch_v108_e2studio\sakura_sketch_v108_e2studio\src\gr_common\lib\libc.a(lib_a-reent.o)
                0xfff05eea                cleanup_glue
 .text._reclaim_reent
                0xfff05f04       0xa0 D:\DESARROLLOS\sakura_sketch_v108_e2studio\sakura_sketch_v108_e2studio\src\gr_common\lib\libc.a(lib_a-reent.o)
                0xfff05f04                _reclaim_reent
 .text._wrapup_reent
                0xfff05fa4       0x40 D:\DESARROLLOS\sakura_sketch_v108_e2studio\sakura_sketch_v108_e2studio\src\gr_common\lib\libc.a(lib_a-reent.o)
                0xfff05fa4                _wrapup_reent
 .text.__fpclassifyf
                0xfff05fe4       0x5c D:\DESARROLLOS\sakura_sketch_v108_e2studio\sakura_sketch_v108_e2studio\src\gr_common\lib\libc.a(lib_a-sf_fpclassify.o)
                0xfff05fe4                __fpclassifyf
 .text.__sread  0xfff06040       0x26 D:\DESARROLLOS\sakura_sketch_v108_e2studio\sakura_sketch_v108_e2studio\src\gr_common\lib\libc.a(lib_a-stdio.o)
                0xfff06040                __sread
 .text.__seofread
                0xfff06066        0x3 D:\DESARROLLOS\sakura_sketch_v108_e2studio\sakura_sketch_v108_e2studio\src\gr_common\lib\libc.a(lib_a-stdio.o)
                0xfff06066                __seofread
 *fill*         0xfff06069        0x1 
 .text.__swrite
                0xfff0606a       0x36 D:\DESARROLLOS\sakura_sketch_v108_e2studio\sakura_sketch_v108_e2studio\src\gr_common\lib\libc.a(lib_a-stdio.o)
                0xfff0606a                __swrite
 .text.__sseek  0xfff060a0       0x28 D:\DESARROLLOS\sakura_sketch_v108_e2studio\sakura_sketch_v108_e2studio\src\gr_common\lib\libc.a(lib_a-stdio.o)
                0xfff060a0                __sseek
 .text.__sclose
                0xfff060c8        0x6 D:\DESARROLLOS\sakura_sketch_v108_e2studio\sakura_sketch_v108_e2studio\src\gr_common\lib\libc.a(lib_a-stdio.o)
                0xfff060c8                __sclose
 .text.__ssprint_r
                0xfff060ce       0xfe D:\DESARROLLOS\sakura_sketch_v108_e2studio\sakura_sketch_v108_e2studio\src\gr_common\lib\libc.a(lib_a-svfiprintf.o)
                0xfff060ce                __ssprint_r
 .text._svfiprintf_r
                0xfff061cc      0x8da D:\DESARROLLOS\sakura_sketch_v108_e2studio\sakura_sketch_v108_e2studio\src\gr_common\lib\libc.a(lib_a-svfiprintf.o)
                0xfff061cc                _svfiprintf_r
 .text.__sprint_r
                0xfff06aa6       0x6c D:\DESARROLLOS\sakura_sketch_v108_e2studio\sakura_sketch_v108_e2studio\src\gr_common\lib\libc.a(lib_a-vfiprintf.o)
                0xfff06aa6                __sprint_r
 .text._vfiprintf_r
                0xfff06b12      0x9e0 D:\DESARROLLOS\sakura_sketch_v108_e2studio\sakura_sketch_v108_e2studio\src\gr_common\lib\libc.a(lib_a-vfiprintf.o)
                0xfff06b12                _vfiprintf_r
 .text.vfiprintf
                0xfff074f2       0x16 D:\DESARROLLOS\sakura_sketch_v108_e2studio\sakura_sketch_v108_e2studio\src\gr_common\lib\libc.a(lib_a-vfiprintf.o)
                0xfff074f2                vfiprintf
 .text._write_r
                0xfff07508       0x26 D:\DESARROLLOS\sakura_sketch_v108_e2studio\sakura_sketch_v108_e2studio\src\gr_common\lib\libc.a(lib_a-writer.o)
                0xfff07508                _write_r
 .text._calloc_r
                0xfff0752e       0x66 D:\DESARROLLOS\sakura_sketch_v108_e2studio\sakura_sketch_v108_e2studio\src\gr_common\lib\libc.a(lib_a-callocr.o)
                0xfff0752e                _calloc_r
 .text._close_r
                0xfff07594       0x22 D:\DESARROLLOS\sakura_sketch_v108_e2studio\sakura_sketch_v108_e2studio\src\gr_common\lib\libc.a(lib_a-closer.o)
                0xfff07594                _close_r
 .text._fclose_r
                0xfff075b6       0x8a D:\DESARROLLOS\sakura_sketch_v108_e2studio\sakura_sketch_v108_e2studio\src\gr_common\lib\libc.a(lib_a-fclose.o)
                0xfff075b6                _fclose_r
 .text.fclose   0xfff07640        0xe D:\DESARROLLOS\sakura_sketch_v108_e2studio\sakura_sketch_v108_e2studio\src\gr_common\lib\libc.a(lib_a-fclose.o)
                0xfff07640                fclose
 .text._fputwc_r
                0xfff0764e       0xc6 D:\DESARROLLOS\sakura_sketch_v108_e2studio\sakura_sketch_v108_e2studio\src\gr_common\lib\libc.a(lib_a-fputwc.o)
                0xfff0764e                _fputwc_r
 .text.fputwc   0xfff07714       0x28 D:\DESARROLLOS\sakura_sketch_v108_e2studio\sakura_sketch_v108_e2studio\src\gr_common\lib\libc.a(lib_a-fputwc.o)
                0xfff07714                fputwc
 .text._fstat_r
                0xfff0773c       0x24 D:\DESARROLLOS\sakura_sketch_v108_e2studio\sakura_sketch_v108_e2studio\src\gr_common\lib\libc.a(lib_a-fstatr.o)
                0xfff0773c                _fstat_r
 .text._isatty_r
                0xfff07760       0x22 D:\DESARROLLOS\sakura_sketch_v108_e2studio\sakura_sketch_v108_e2studio\src\gr_common\lib\libc.a(lib_a-isattyr.o)
                0xfff07760                _isatty_r
 .text._lseek_r
                0xfff07782       0x26 D:\DESARROLLOS\sakura_sketch_v108_e2studio\sakura_sketch_v108_e2studio\src\gr_common\lib\libc.a(lib_a-lseekr.o)
                0xfff07782                _lseek_r
 .text._read_r  0xfff077a8       0x26 D:\DESARROLLOS\sakura_sketch_v108_e2studio\sakura_sketch_v108_e2studio\src\gr_common\lib\libc.a(lib_a-readr.o)
                0xfff077a8                _read_r
 .text._wcrtomb_r
                0xfff077ce       0x4c D:\DESARROLLOS\sakura_sketch_v108_e2studio\sakura_sketch_v108_e2studio\src\gr_common\lib\libc.a(lib_a-wcrtomb.o)
                0xfff077ce                _wcrtomb_r
 .text.wcrtomb  0xfff0781a       0x16 D:\DESARROLLOS\sakura_sketch_v108_e2studio\sakura_sketch_v108_e2studio\src\gr_common\lib\libc.a(lib_a-wcrtomb.o)
                0xfff0781a                wcrtomb
 .text.__ascii_wctomb
                0xfff07830       0x1c D:\DESARROLLOS\sakura_sketch_v108_e2studio\sakura_sketch_v108_e2studio\src\gr_common\lib\libc.a(lib_a-wctomb_r.o)
                0xfff07830                __ascii_wctomb
 .text._wctomb_r
                0xfff0784c       0x29 D:\DESARROLLOS\sakura_sketch_v108_e2studio\sakura_sketch_v108_e2studio\src\gr_common\lib\libc.a(lib_a-wctomb_r.o)
                0xfff0784c                _wctomb_r
 *(P)
 *fill*         0xfff07875        0x3 
 P              0xfff07878      0x358 ./src/AndroidAccessory.o
                0xfff07878                AndroidAccessory::AndroidAccessory(char const*, char const*, char const*, char const*, char const*, char const*)
                0xfff07878                AndroidAccessory::AndroidAccessory(char const*, char const*, char const*, char const*, char const*, char const*)
                0xfff078b5                AndroidAccessory::powerOn()
                0xfff078b6                AndroidAccessory::isAccessoryDevice()
                0xfff078da                AndroidAccessory::getProtocol()
                0xfff0790a                AndroidAccessory::sendString(unsigned short, char const*)
                0xfff0793f                AndroidAccessory::switchDevice()
                0xfff07959                AndroidAccessory::findEndpoints()
                0xfff079f1                AndroidAccessory::read(void*, int, int)
                0xfff079f7                AndroidAccessory::write(void*, int, int)
                0xfff079fd                AndroidAccessory::isConnected()
 P              0xfff07bd0      0x1e0 ./src/gr_sketch.o
                0xfff07bd0                initTMR0()
                0xfff07c21                setup
                0xfff07cd1                loop
                0xfff07d78                Excep_TMR0_OVI0
 P              0xfff07db0        0x0 ./src/gr_sakura_libs/InstWire.o
 P              0xfff07db0      0x168 ./src/gr_common/intvect.o
                0xfff07db0                Excep_SuperVisorInst
                0xfff07db2                Excep_UndefinedInst
                0xfff07db4                Excep_FloatingPoint
                0xfff07db6                NonMaskableInterrupt
                0xfff07db8                Excep_BRK
                0xfff07dba                Excep_FCUIF_FIFEERR
                0xfff07dbc                Excep_FCUIF_FRDYI
                0xfff07dbe                Excep_ICU_SWINT
                0xfff07dc0                Excep_USB0_D0FIFO0
                0xfff07dc2                Excep_USB0_D1FIFO0
                0xfff07dc4                Excep_USB0_USBI0
                0xfff07dec                Excep_USB1_D0FIFO1
                0xfff07dee                Excep_USB1_D1FIFO1
                0xfff07df0                Excep_USB1_USBI1
                0xfff07e18                Excep_RSPI0_SPRI0
                0xfff07e1a                Excep_RSPI0_SPTI0
                0xfff07e1c                Excep_RSPI0_SPII0
                0xfff07e1e                Excep_RSPI1_SPRI1
                0xfff07e20                Excep_RSPI1_SPTI1
                0xfff07e22                Excep_RSPI1_SPII1
                0xfff07e24                Excep_RSPI2_SPRI2
                0xfff07e26                Excep_RSPI2_SPTI2
                0xfff07e28                Excep_RSPI2_SPII2
                0xfff07e2a                Excep_CAN0_RXF0
                0xfff07e2c                Excep_CAN0_TXF0
                0xfff07e2e                Excep_CAN0_RXM0
                0xfff07e30                Excep_CAN0_TXM0
                0xfff07e32                Excep_CAN1_RXF1
                0xfff07e34                Excep_CAN1_TXF1
                0xfff07e36                Excep_CAN1_RXM1
                0xfff07e38                Excep_CAN1_TXM1
                0xfff07e3a                Excep_RTC_CUP
                0xfff07e3c                Excep_IRQ8
                0xfff07e3e                Excep_IRQ9
                0xfff07e40                Excep_IRQ10
                0xfff07e42                Excep_IRQ11
                0xfff07e44                Excep_IRQ12
                0xfff07e46                Excep_IRQ13
                0xfff07e48                Excep_IRQ14
                0xfff07e4a                Excep_IRQ15
                0xfff07e4c                Excep_USB_USBR0
                0xfff07e4e                Excep_USB_USBR1
                0xfff07e50                Excep_RTC_ALM
                0xfff07e52                Excep_ADA0_ADI0
                0xfff07e54                Excep_S12AD0_S12ADI0
                0xfff07e56                Excep_GROUP_E0
                0xfff07e58                Excep_GROUP_E1
                0xfff07e5a                Excep_GROUP_E2
                0xfff07e5c                Excep_GROUP_E3
                0xfff07e5e                Excep_GROUP_E4
                0xfff07e60                Excep_GROUP_E5
                0xfff07e62                Excep_GROUP_E6
                0xfff07e64                Excep_GROUP_L0
                0xfff07e66                Excep_SCIX_SCIX0
                0xfff07e68                Excep_SCIX_SCIX1
                0xfff07e6a                Excep_SCIX_SCIX2
                0xfff07e6c                Excep_SCIX_SCIX3
                0xfff07e6e                Excep_TPU10_TGIV10
                0xfff07e70                Excep_TPU11_TGIA11
                0xfff07e72                Excep_TPU11_TGIB11
                0xfff07e74                Excep_POE2_OEI1
                0xfff07e76                Excep_POE2_OEI2
                0xfff07e78                Excep_TMR0_CMIB0
                0xfff07e7a                Excep_TMR1_CMIA1
                0xfff07e7c                Excep_TMR1_CMIB1
                0xfff07e7e                Excep_TMR1_OVI1
                0xfff07e80                Excep_TMR2_CMIA2
                0xfff07e82                Excep_TMR2_CMIB2
                0xfff07e84                Excep_TMR2_OVI2
                0xfff07e86                Excep_TMR3_CMIA3
                0xfff07e88                Excep_TMR3_CMIB3
                0xfff07e8a                Excep_TMR3_OVI3
                0xfff07e8c                Excep_RIIC0_EEI0
                0xfff07e8e                Excep_RIIC0_RXI0
                0xfff07e90                Excep_RIIC0_TXI0
                0xfff07e92                Excep_RIIC0_TEI0
                0xfff07e94                Excep_RIIC1_EEI0
                0xfff07e96                Excep_RIIC1_RXI0
                0xfff07e98                Excep_RIIC1_TXI0
                0xfff07e9a                Excep_RIIC1_TEI0
                0xfff07e9c                Excep_RIIC2_EEI0
                0xfff07e9e                Excep_RIIC2_RXI0
                0xfff07ea0                Excep_RIIC2_TXI0
                0xfff07ea2                Excep_RIIC2_TEI0
                0xfff07ea4                Excep_RIIC3_EEI0
                0xfff07ea6                Excep_RIIC3_RXI0
                0xfff07ea8                Excep_RIIC3_TXI0
                0xfff07eaa                Excep_RIIC3_TEI0
                0xfff07eac                Excep_DMACA_DMAC0
                0xfff07eae                Excep_DMACA_DMAC1
                0xfff07eb0                Excep_DMACA_DMAC2
                0xfff07eb2                Excep_DMACA_DMAC3
                0xfff07eb4                Excep_EXDMAC_DMAC0
                0xfff07eb6                Excep_EXDMAC_DMAC1
                0xfff07eb8                Excep_SCI3_RXI3
                0xfff07eba                Excep_SCI3_TXI3
                0xfff07ebc                Excep_SCI3_TEI3
                0xfff07ebe                Excep_SCI4_RXI4
                0xfff07ec0                Excep_SCI4_TXI4
                0xfff07ec2                Excep_SCI4_TEI4
                0xfff07ec4                Excep_SCI5_RXI5
                0xfff07ec6                Excep_SCI5_TXI5
                0xfff07ec8                Excep_SCI5_TEI5
                0xfff07eca                Excep_SCI7_RXI7
                0xfff07ecc                Excep_SCI7_TXI7
                0xfff07ece                Excep_SCI7_TEI7
                0xfff07ed0                Excep_SCI8_RXI8
                0xfff07ed2                Excep_SCI8_TXI8
                0xfff07ed4                Excep_SCI8_TEI8
                0xfff07ed6                Excep_SCI9_RXI9
                0xfff07ed8                Excep_SCI9_TXI9
                0xfff07eda                Excep_SCI9_TEI9
                0xfff07edc                Excep_SCI10_RXI10
                0xfff07ede                Excep_SCI10_TXI10
                0xfff07ee0                Excep_SCI10_TEI10
                0xfff07ee2                Excep_SCI11_RXI11
                0xfff07ee4                Excep_SCI11_TXI11
                0xfff07ee6                Excep_SCI11_TEI11
                0xfff07ee8                Excep_SCI12_RXI12
                0xfff07eea                Excep_SCI12_TXI12
                0xfff07eec                Excep_SCI12_TEI12
                0xfff07eee                Excep_IEBUS_IEBINT
                0xfff07ef0                Dummy
                0xfff07ef2                UserTMR0InterruptFunction
                0xfff07ef3                Excep_TMR0_CMIA0
                0xfff07f15                Excep_BUSERR
                0xfff07f17                Excep_RTC_SLEEP
 P              0xfff07f18      0x108 ./src/gr_common/lowlevel.o
                0xfff07f18                sbrk
                0xfff07f18                _sbrk
                0xfff07f27                open
                0xfff07f2a                read
                0xfff07f89                write
                0xfff07fe2                lseek
                0xfff07fe5                isatty
                0xfff07fe8                fstat
                0xfff0801b                close
 P              0xfff08020       0x98 D:\DESARROLLOS\sakura_sketch_v108_e2studio\sakura_sketch_v108_e2studio\src\gr_common\lib\librxduino.a(analogio.o)
                0xfff08020                analogRead
                0xfff08099                analogWrite
                0xfff0809d                analogWriteDAC
                0xfff080a6                analogReference
                0xfff080af                analogWriteFrequency
 P              0xfff080b8       0x10 D:\DESARROLLOS\sakura_sketch_v108_e2studio\sakura_sketch_v108_e2studio\src\gr_common\lib\librxduino.a(delay.o)
                0xfff080b8                millis
                0xfff080bc                micros
                0xfff080c0                delay
                0xfff080c4                delayMicroseconds
 P              0xfff080c8       0x98 D:\DESARROLLOS\sakura_sketch_v108_e2studio\sakura_sketch_v108_e2studio\src\gr_common\lib\librxduino.a(digitalio.o)
                0xfff080c8                pinMode
                0xfff080eb                digitalWrite
                0xfff0810e                digitalRead
                0xfff08112                pulseIn
 P              0xfff08160       0x1a D:\DESARROLLOS\sakura_sketch_v108_e2studio\sakura_sketch_v108_e2studio\src\gr_common\lib\librxduino.a(rxduino.o)
                0xfff08160                registEthernetHandler
                0xfff08169                Reboot
 *fill*         0xfff0817a        0x6 
 P              0xfff08180      0x370 D:\DESARROLLOS\sakura_sketch_v108_e2studio\sakura_sketch_v108_e2studio\src\gr_common\lib\librxduino.a(serial.o)
                0xfff08180                CSerial::~CSerial()
                0xfff08180                CSerial::~CSerial()
                0xfff08181                CSerial::CSerial(SCI_PORT)
                0xfff08181                CSerial::CSerial(SCI_PORT)
                0xfff08184                CSerial::begin(int)
                0xfff081ad                CSerial::begin(int, SCI_PORT)
                0xfff081d2                CSerial::end()
                0xfff081d3                CSerial::setDefault()
                0xfff081d9                CSerial::available()
                0xfff081df                CSerial::read()
                0xfff081ff                CSerial::write(unsigned char)
                0xfff08205                CSerial::write(char const*)
                0xfff0820b                CSerial::write(String)
                0xfff08220                CSerial::write(unsigned char const*, int)
                0xfff0822f                CSerial::print(char const*)
                0xfff08235                CSerial::print(String)
                0xfff0824a                CSerial::print(char)
                0xfff08250                CSerial::println(char const*)
                0xfff08275                CSerial::println(String)
                0xfff082a2                CSerial::println(char)
                0xfff082c5                CSerial::println()
                0xfff082e1                CSerial::print_number(unsigned long, int)
                0xfff08351                CSerial::print(long, int)
                0xfff0838d                CSerial::println(long, int)
                0xfff083b1                CSerial::println(int, int)
                0xfff083b5                CSerial::print(int, int)
                0xfff083b9                CSerial::print(double, int)
                0xfff08467                CSerial::println(double, int)
                0xfff0848b                CSerial::print(unsigned long, int)
                0xfff0848f                CSerial::println(unsigned long, int)
                0xfff084b3                CSerial::println(unsigned int, int)
                0xfff084b7                CSerial::println(unsigned char, int)
                0xfff084bd                CSerial::print(unsigned int, int)
                0xfff084c1                CSerial::print(unsigned char, int)
                0xfff084c7                CSerial::peek()
                0xfff084e7                CSerial::flush()
                0xfff084ed                CSerial::get_handle()
 P              0xfff084f0      0x8e8 D:\DESARROLLOS\sakura_sketch_v108_e2studio\sakura_sketch_v108_e2studio\src\gr_common\lib\librxduino.a(rxstring.o)
                0xfff084f0                String::CreateCore()
                0xfff08506                String::BufMore(int)
                0xfff08536                String::String()
                0xfff08536                String::String()
                0xfff0853a                String::String(char)
                0xfff0853a                String::String(char)
                0xfff08550                String::String(char const*)
                0xfff08550                String::String(char const*)
                0xfff0858b                String::String(String const&)
                0xfff0858b                String::String(String const&)
                0xfff085cb                String::~String()
                0xfff085cb                String::~String()
                0xfff085d5                String::c_str() const
                0xfff085d8                String::length() const
                0xfff085de                String::operator+(String const&)
                0xfff08640                String::operator+=(String const&)
                0xfff0867e                String::operator=(String const&)
                0xfff086b0                String::charAt(int) const
                0xfff086b6                String::compareTo(String const&) const
                0xfff086ce                String::concat(String const&)
                0xfff08716                String::endsWith(String const&) const
                0xfff0875b                String::startsWith(String const&) const
                0xfff08779                String::operator==(String const&)
                0xfff08794                String::equals(String const&) const
                0xfff087af                String::equalsIgnoreCase(String const&) const
                0xfff087bd                String::getBytes(char*, int) const
                0xfff087c7                String::toCharArray(char*, int) const
                0xfff087d1                String::setCharAt(int, char)
                0xfff087ed                String::indexOf(char, int) const
                0xfff08808                String::indexOf(char const*, int) const
                0xfff08821                String::lastIndexOf(char, int) const
                0xfff08858                String::lastIndexOf(char const*, int) const
                0xfff088ad                String::substring(int, int) const
                0xfff088e7                String::toLowerCase() const
                0xfff08942                String::toUpperCase() const
                0xfff0899d                String::trim() const
                0xfff08a5a                String::create_number(long, int)
                0xfff08ad1                String::String(int, int)
                0xfff08ad1                String::String(int, int)
                0xfff08b23                String::String(long, int)
                0xfff08b23                String::String(long, int)
                0xfff08b75                String::String(unsigned int, int)
                0xfff08b75                String::String(unsigned int, int)
                0xfff08b91                String::String(unsigned long, int)
                0xfff08b91                String::String(unsigned long, int)
                0xfff08bad                String::String(unsigned char, int)
                0xfff08bad                String::String(unsigned char, int)
                0xfff08bc9                String::create_fpnumber(double, int)
                0xfff08cdb                String::String(double, int)
                0xfff08cdb                String::String(double, int)
                0xfff08cf7                String::operator[](unsigned int)
                0xfff08d19                String::replace(String const&, String const&) const
 P              0xfff08dd8        0x0 D:\DESARROLLOS\sakura_sketch_v108_e2studio\sakura_sketch_v108_e2studio\src\gr_common\lib\libstdc++.a(eh_personality.o)
 P              0xfff08dd8        0x0 D:\DESARROLLOS\sakura_sketch_v108_e2studio\sakura_sketch_v108_e2studio\src\gr_common\lib\libstdc++.a(eh_exception.o)
 P              0xfff08dd8        0x0 D:\DESARROLLOS\sakura_sketch_v108_e2studio\sakura_sketch_v108_e2studio\src\gr_common\lib\libstdc++.a(pure.o)
 P              0xfff08dd8        0x0 D:\DESARROLLOS\sakura_sketch_v108_e2studio\sakura_sketch_v108_e2studio\src\gr_common\lib\libstdc++.a(eh_globals.o)
 P              0xfff08dd8        0x0 D:\DESARROLLOS\sakura_sketch_v108_e2studio\sakura_sketch_v108_e2studio\src\gr_common\lib\libstdc++.a(eh_terminate.o)
 P              0xfff08dd8        0x0 D:\DESARROLLOS\sakura_sketch_v108_e2studio\sakura_sketch_v108_e2studio\src\gr_common\lib\libstdc++.a(eh_alloc.o)
 P              0xfff08dd8        0x0 D:\DESARROLLOS\sakura_sketch_v108_e2studio\sakura_sketch_v108_e2studio\src\gr_common\lib\libstdc++.a(del_op.o)
 P              0xfff08dd8        0x0 D:\DESARROLLOS\sakura_sketch_v108_e2studio\sakura_sketch_v108_e2studio\src\gr_common\lib\libstdc++.a(eh_throw.o)
 P              0xfff08dd8        0x0 D:\DESARROLLOS\sakura_sketch_v108_e2studio\sakura_sketch_v108_e2studio\src\gr_common\lib\libstdc++.a(eh_unex_handler.o)
 P              0xfff08dd8        0x0 D:\DESARROLLOS\sakura_sketch_v108_e2studio\sakura_sketch_v108_e2studio\src\gr_common\lib\libstdc++.a(si_class_type_info.o)
 P              0xfff08dd8        0x0 D:\DESARROLLOS\sakura_sketch_v108_e2studio\sakura_sketch_v108_e2studio\src\gr_common\lib\libstdc++.a(eh_catch.o)
 P              0xfff08dd8        0x0 D:\DESARROLLOS\sakura_sketch_v108_e2studio\sakura_sketch_v108_e2studio\src\gr_common\lib\libstdc++.a(eh_term_handler.o)
 P              0xfff08dd8        0x0 D:\DESARROLLOS\sakura_sketch_v108_e2studio\sakura_sketch_v108_e2studio\src\gr_common\lib\libstdc++.a(class_type_info.o)
 P              0xfff08dd8        0x0 D:\DESARROLLOS\sakura_sketch_v108_e2studio\sakura_sketch_v108_e2studio\src\gr_common\lib\libstdc++.a(eh_call.o)
 P              0xfff08dd8        0x0 D:\DESARROLLOS\sakura_sketch_v108_e2studio\sakura_sketch_v108_e2studio\src\gr_common\lib\libstdc++.a(tinfo.o)
 P              0xfff08dd8        0x0 D:\DESARROLLOS\sakura_sketch_v108_e2studio\sakura_sketch_v108_e2studio\src\gr_common\lib\libstdc++.a(vterminate.o)
 P              0xfff08dd8     0x4680 D:\DESARROLLOS\sakura_sketch_v108_e2studio\sakura_sketch_v108_e2studio\src\gr_common\lib\libstdc++.a(cp-demangle.o)
                0xfff0d36e                __cxa_demangle
                0xfff0d440                __gcclibcxx_demangle_callback
 P              0xfff0d458        0x0 D:\DESARROLLOS\sakura_sketch_v108_e2studio\sakura_sketch_v108_e2studio\src\gr_common\lib\libstdc++.a(eh_type.o)
 P              0xfff0d458        0x0 D:\DESARROLLOS\sakura_sketch_v108_e2studio\sakura_sketch_v108_e2studio\src\gr_common\lib\libc.a(lib_a-abort.o)
 P              0xfff0d458        0x0 D:\DESARROLLOS\sakura_sketch_v108_e2studio\sakura_sketch_v108_e2studio\src\gr_common\lib\libc.a(lib_a-errno.o)
 P              0xfff0d458        0x0 D:\DESARROLLOS\sakura_sketch_v108_e2studio\sakura_sketch_v108_e2studio\src\gr_common\lib\libc.a(lib_a-fputc.o)
 P              0xfff0d458        0x0 D:\DESARROLLOS\sakura_sketch_v108_e2studio\sakura_sketch_v108_e2studio\src\gr_common\lib\libc.a(lib_a-fputs.o)
 P              0xfff0d458        0x0 D:\DESARROLLOS\sakura_sketch_v108_e2studio\sakura_sketch_v108_e2studio\src\gr_common\lib\libc.a(lib_a-fvwrite.o)
 P              0xfff0d458        0x0 D:\DESARROLLOS\sakura_sketch_v108_e2studio\sakura_sketch_v108_e2studio\src\gr_common\lib\libc.a(lib_a-fwrite.o)
 P              0xfff0d458        0x0 D:\DESARROLLOS\sakura_sketch_v108_e2studio\sakura_sketch_v108_e2studio\src\gr_common\lib\libc.a(lib_a-impure.o)
 P              0xfff0d458        0x0 D:\DESARROLLOS\sakura_sketch_v108_e2studio\sakura_sketch_v108_e2studio\src\gr_common\lib\libc.a(lib_a-iscntrl.o)
 P              0xfff0d458        0x0 D:\DESARROLLOS\sakura_sketch_v108_e2studio\sakura_sketch_v108_e2studio\src\gr_common\lib\libc.a(lib_a-isprint.o)
 P              0xfff0d458        0x0 D:\DESARROLLOS\sakura_sketch_v108_e2studio\sakura_sketch_v108_e2studio\src\gr_common\lib\libc.a(lib_a-isspace.o)
 P              0xfff0d458        0x0 D:\DESARROLLOS\sakura_sketch_v108_e2studio\sakura_sketch_v108_e2studio\src\gr_common\lib\libc.a(lib_a-malloc.o)
 P              0xfff0d458        0x0 D:\DESARROLLOS\sakura_sketch_v108_e2studio\sakura_sketch_v108_e2studio\src\gr_common\lib\libc.a(lib_a-mallocr.o)
 P              0xfff0d458        0x0 D:\DESARROLLOS\sakura_sketch_v108_e2studio\sakura_sketch_v108_e2studio\src\gr_common\lib\libc.a(lib_a-memchr.o)
 P              0xfff0d458        0x0 D:\DESARROLLOS\sakura_sketch_v108_e2studio\sakura_sketch_v108_e2studio\src\gr_common\lib\libc.a(lib_a-memcmp.o)
 P              0xfff0d458        0x0 D:\DESARROLLOS\sakura_sketch_v108_e2studio\sakura_sketch_v108_e2studio\src\gr_common\lib\libc.a(lib_a-memcpy.o)
 P              0xfff0d458        0x0 D:\DESARROLLOS\sakura_sketch_v108_e2studio\sakura_sketch_v108_e2studio\src\gr_common\lib\libc.a(lib_a-memmove.o)
 P              0xfff0d458        0x0 D:\DESARROLLOS\sakura_sketch_v108_e2studio\sakura_sketch_v108_e2studio\src\gr_common\lib\libc.a(lib_a-mlock.o)
 P              0xfff0d458        0x0 D:\DESARROLLOS\sakura_sketch_v108_e2studio\sakura_sketch_v108_e2studio\src\gr_common\lib\libc.a(lib_a-printf.o)
 P              0xfff0d458        0x0 D:\DESARROLLOS\sakura_sketch_v108_e2studio\sakura_sketch_v108_e2studio\src\gr_common\lib\libc.a(lib_a-putc.o)
 P              0xfff0d458        0x0 D:\DESARROLLOS\sakura_sketch_v108_e2studio\sakura_sketch_v108_e2studio\src\gr_common\lib\libc.a(lib_a-puts.o)
 P              0xfff0d458        0x0 D:\DESARROLLOS\sakura_sketch_v108_e2studio\sakura_sketch_v108_e2studio\src\gr_common\lib\libc.a(lib_a-realloc.o)
 P              0xfff0d458        0x0 D:\DESARROLLOS\sakura_sketch_v108_e2studio\sakura_sketch_v108_e2studio\src\gr_common\lib\libc.a(lib_a-reallocr.o)
 P              0xfff0d458        0x0 D:\DESARROLLOS\sakura_sketch_v108_e2studio\sakura_sketch_v108_e2studio\src\gr_common\lib\libc.a(lib_a-sbrkr.o)
 P              0xfff0d458        0x0 D:\DESARROLLOS\sakura_sketch_v108_e2studio\sakura_sketch_v108_e2studio\src\gr_common\lib\libc.a(lib_a-signal.o)
 P              0xfff0d458        0x0 D:\DESARROLLOS\sakura_sketch_v108_e2studio\sakura_sketch_v108_e2studio\src\gr_common\lib\libc.a(lib_a-signalr.o)
 P              0xfff0d458        0x0 D:\DESARROLLOS\sakura_sketch_v108_e2studio\sakura_sketch_v108_e2studio\src\gr_common\lib\libc.a(lib_a-sprintf.o)
 P              0xfff0d458        0x0 D:\DESARROLLOS\sakura_sketch_v108_e2studio\sakura_sketch_v108_e2studio\src\gr_common\lib\libc.a(lib_a-strcasecmp.o)
 P              0xfff0d458        0x0 D:\DESARROLLOS\sakura_sketch_v108_e2studio\sakura_sketch_v108_e2studio\src\gr_common\lib\libc.a(lib_a-strchr.o)
 P              0xfff0d458        0x0 D:\DESARROLLOS\sakura_sketch_v108_e2studio\sakura_sketch_v108_e2studio\src\gr_common\lib\libc.a(lib_a-strlen.o)
 P              0xfff0d458        0x0 D:\DESARROLLOS\sakura_sketch_v108_e2studio\sakura_sketch_v108_e2studio\src\gr_common\lib\libc.a(lib_a-strlwr.o)
 P              0xfff0d458        0x0 D:\DESARROLLOS\sakura_sketch_v108_e2studio\sakura_sketch_v108_e2studio\src\gr_common\lib\libc.a(lib_a-strncmp.o)
 P              0xfff0d458        0x0 D:\DESARROLLOS\sakura_sketch_v108_e2studio\sakura_sketch_v108_e2studio\src\gr_common\lib\libc.a(lib_a-strncpy.o)
 P              0xfff0d458        0x0 D:\DESARROLLOS\sakura_sketch_v108_e2studio\sakura_sketch_v108_e2studio\src\gr_common\lib\libc.a(lib_a-strstr.o)
 P              0xfff0d458        0x0 D:\DESARROLLOS\sakura_sketch_v108_e2studio\sakura_sketch_v108_e2studio\src\gr_common\lib\libc.a(lib_a-strupr.o)
 P              0xfff0d458        0x0 D:\DESARROLLOS\sakura_sketch_v108_e2studio\sakura_sketch_v108_e2studio\src\gr_common\lib\libc.a(lib_a-svfprintf.o)
 P              0xfff0d458        0x0 D:\DESARROLLOS\sakura_sketch_v108_e2studio\sakura_sketch_v108_e2studio\src\gr_common\lib\libc.a(lib_a-vfprintf.o)
 P              0xfff0d458        0x0 D:\DESARROLLOS\sakura_sketch_v108_e2studio\sakura_sketch_v108_e2studio\src\gr_common\lib\libc.a(lib_a-wbuf.o)
 P              0xfff0d458        0x0 D:\DESARROLLOS\sakura_sketch_v108_e2studio\sakura_sketch_v108_e2studio\src\gr_common\lib\libc.a(lib_a-wsetup.o)
 P              0xfff0d458        0x0 D:\DESARROLLOS\sakura_sketch_v108_e2studio\sakura_sketch_v108_e2studio\src\gr_common\lib\libc.a(lib_a-ctype_.o)
 P              0xfff0d458        0x0 D:\DESARROLLOS\sakura_sketch_v108_e2studio\sakura_sketch_v108_e2studio\src\gr_common\lib\libc.a(lib_a-dtoa.o)
 P              0xfff0d458        0x0 D:\DESARROLLOS\sakura_sketch_v108_e2studio\sakura_sketch_v108_e2studio\src\gr_common\lib\libc.a(lib_a-fflush.o)
 P              0xfff0d458        0x0 D:\DESARROLLOS\sakura_sketch_v108_e2studio\sakura_sketch_v108_e2studio\src\gr_common\lib\libc.a(lib_a-findfp.o)
 P              0xfff0d458        0x0 D:\DESARROLLOS\sakura_sketch_v108_e2studio\sakura_sketch_v108_e2studio\src\gr_common\lib\libc.a(lib_a-freer.o)
 P              0xfff0d458        0x0 D:\DESARROLLOS\sakura_sketch_v108_e2studio\sakura_sketch_v108_e2studio\src\gr_common\lib\libc.a(lib_a-fwalk.o)
 P              0xfff0d458        0x0 D:\DESARROLLOS\sakura_sketch_v108_e2studio\sakura_sketch_v108_e2studio\src\gr_common\lib\libc.a(lib_a-locale.o)
 P              0xfff0d458        0x0 D:\DESARROLLOS\sakura_sketch_v108_e2studio\sakura_sketch_v108_e2studio\src\gr_common\lib\libc.a(lib_a-makebuf.o)
 P              0xfff0d458        0x0 D:\DESARROLLOS\sakura_sketch_v108_e2studio\sakura_sketch_v108_e2studio\src\gr_common\lib\libc.a(lib_a-memset.o)
 P              0xfff0d458        0x0 D:\DESARROLLOS\sakura_sketch_v108_e2studio\sakura_sketch_v108_e2studio\src\gr_common\lib\libc.a(lib_a-mprec.o)
 P              0xfff0d458        0x0 D:\DESARROLLOS\sakura_sketch_v108_e2studio\sakura_sketch_v108_e2studio\src\gr_common\lib\libc.a(lib_a-reent.o)
 P              0xfff0d458        0x0 D:\DESARROLLOS\sakura_sketch_v108_e2studio\sakura_sketch_v108_e2studio\src\gr_common\lib\libc.a(lib_a-sf_fpclassify.o)
 P              0xfff0d458        0x0 D:\DESARROLLOS\sakura_sketch_v108_e2studio\sakura_sketch_v108_e2studio\src\gr_common\lib\libc.a(lib_a-stdio.o)
 P              0xfff0d458        0x0 D:\DESARROLLOS\sakura_sketch_v108_e2studio\sakura_sketch_v108_e2studio\src\gr_common\lib\libc.a(lib_a-strcmp.o)
 P              0xfff0d458        0x0 D:\DESARROLLOS\sakura_sketch_v108_e2studio\sakura_sketch_v108_e2studio\src\gr_common\lib\libc.a(lib_a-svfiprintf.o)
 P              0xfff0d458        0x0 D:\DESARROLLOS\sakura_sketch_v108_e2studio\sakura_sketch_v108_e2studio\src\gr_common\lib\libc.a(lib_a-vfiprintf.o)
 P              0xfff0d458        0x0 D:\DESARROLLOS\sakura_sketch_v108_e2studio\sakura_sketch_v108_e2studio\src\gr_common\lib\libc.a(lib_a-writer.o)
 P              0xfff0d458        0x0 D:\DESARROLLOS\sakura_sketch_v108_e2studio\sakura_sketch_v108_e2studio\src\gr_common\lib\libc.a(lib_a-callocr.o)
 P              0xfff0d458        0x0 D:\DESARROLLOS\sakura_sketch_v108_e2studio\sakura_sketch_v108_e2studio\src\gr_common\lib\libc.a(lib_a-closer.o)
 P              0xfff0d458        0x0 D:\DESARROLLOS\sakura_sketch_v108_e2studio\sakura_sketch_v108_e2studio\src\gr_common\lib\libc.a(lib_a-fclose.o)
 P              0xfff0d458        0x0 D:\DESARROLLOS\sakura_sketch_v108_e2studio\sakura_sketch_v108_e2studio\src\gr_common\lib\libc.a(lib_a-fputwc.o)
 P              0xfff0d458        0x0 D:\DESARROLLOS\sakura_sketch_v108_e2studio\sakura_sketch_v108_e2studio\src\gr_common\lib\libc.a(lib_a-fstatr.o)
 P              0xfff0d458        0x0 D:\DESARROLLOS\sakura_sketch_v108_e2studio\sakura_sketch_v108_e2studio\src\gr_common\lib\libc.a(lib_a-isattyr.o)
 P              0xfff0d458        0x0 D:\DESARROLLOS\sakura_sketch_v108_e2studio\sakura_sketch_v108_e2studio\src\gr_common\lib\libc.a(lib_a-lseekr.o)
 P              0xfff0d458        0x0 D:\DESARROLLOS\sakura_sketch_v108_e2studio\sakura_sketch_v108_e2studio\src\gr_common\lib\libc.a(lib_a-readr.o)
 P              0xfff0d458        0x0 D:\DESARROLLOS\sakura_sketch_v108_e2studio\sakura_sketch_v108_e2studio\src\gr_common\lib\libc.a(lib_a-wcrtomb.o)
 P              0xfff0d458        0x0 D:\DESARROLLOS\sakura_sketch_v108_e2studio\sakura_sketch_v108_e2studio\src\gr_common\lib\libc.a(lib_a-wctomb_r.o)
 P              0xfff0d458        0xe D:\DESARROLLOS\sakura_sketch_v108_e2studio\sakura_sketch_v108_e2studio\src\gr_common\lib\libsim.a(exit.o)
                0xfff0d458                _exit
 P              0xfff0d466        0x6 D:\DESARROLLOS\sakura_sketch_v108_e2studio\sakura_sketch_v108_e2studio\src\gr_common\lib\libsim.a(getpid.o)
                0xfff0d466                _getpid
                0xfff0d466                getpid
 P              0xfff0d46c        0x6 D:\DESARROLLOS\sakura_sketch_v108_e2studio\sakura_sketch_v108_e2studio\src\gr_common\lib\libsim.a(kill.o)
                0xfff0d46c                kill
                0xfff0d46c                _kill
 *fill*         0xfff0d472        0x6 
 P              0xfff0d478      0x3c8 D:\DESARROLLOS\sakura_sketch_v108_e2studio\sakura_sketch_v108_e2studio\src\gr_common\lib\libgcc.a(_udivdi3.o)
                0xfff0d478                _COM_DIV64u
                0xfff0d478                __udivdi3
 P              0xfff0d840      0x398 D:\DESARROLLOS\sakura_sketch_v108_e2studio\sakura_sketch_v108_e2studio\src\gr_common\lib\libgcc.a(_umoddi3.o)
                0xfff0d840                __umoddi3
                0xfff0d840                _COM_MOD64u
 P              0xfff0dbd8      0x280 D:\DESARROLLOS\sakura_sketch_v108_e2studio\sakura_sketch_v108_e2studio\src\gr_common\lib\libgcc.a(unwind-sjlj.o)
                0xfff0dcca                _Unwind_SjLj_Register
                0xfff0dcdb                _Unwind_SjLj_Unregister
                0xfff0dce6                _Unwind_GetGR
                0xfff0dcee                _Unwind_GetCFA
                0xfff0dcf6                _Unwind_SetGR
                0xfff0dcfe                _Unwind_GetIP
                0xfff0dd06                _Unwind_GetIPInfo
                0xfff0dd13                _Unwind_SetIP
                0xfff0dd1b                _Unwind_GetLanguageSpecificData
                0xfff0dd21                _Unwind_GetRegionStart
                0xfff0dd24                _Unwind_FindEnclosingFunction
                0xfff0dd27                _Unwind_GetDataRelBase
                0xfff0dd2a                _Unwind_GetTextRelBase
                0xfff0dd2d                _Unwind_SjLj_RaiseException
                0xfff0dda0                _Unwind_SjLj_ForcedUnwind
                0xfff0ddbf                _Unwind_SjLj_Resume
                0xfff0dde9                _Unwind_SjLj_Resume_or_Rethrow
                0xfff0de12                _Unwind_DeleteException
                0xfff0de1f                _Unwind_Backtrace
 P              0xfff0de58        0x0 D:\DESARROLLOS\sakura_sketch_v108_e2studio\sakura_sketch_v108_e2studio\src\gr_common\lib\libgcc.a(_clz.o)
 P              0xfff0de58       0xee D:\DESARROLLOS\sakura_sketch_v108_e2studio\sakura_sketch_v108_e2studio\src\gr_common\lib\libtkdnhal.a(hwsetup.o)
                0xfff0de58                sdram_init
                0xfff0de59                tkdn_hwsetup
 *fill*         0xfff0df46        0x2 
 P              0xfff0df48     0x1100 D:\DESARROLLOS\sakura_sketch_v108_e2studio\sakura_sketch_v108_e2studio\src\gr_common\lib\libtkdnhal.a(tkdn_sci.o)
                0xfff0e10b                sci_getport
                0xfff0e117                sci_readdata
                0xfff0e118                sci_convert_crlf
                0xfff0e127                sci_flush
                0xfff0e144                Excep_SCI0_ERI0
                0xfff0e16d                Excep_SCI0_RXI0
                0xfff0e196                Excep_SCI0_TXI0
                0xfff0e1d0                Excep_SCI0_TEI0
                0xfff0e1e8                Excep_SCI1_ERI1
                0xfff0e212                Excep_SCI1_RXI1
                0xfff0e23c                Excep_SCI1_TXI1
                0xfff0e278                Excep_SCI1_TEI1
                0xfff0e290                Excep_SCI2_ERI2
                0xfff0e2ba                Excep_SCI2_RXI2
                0xfff0e2e4                Excep_SCI2_TXI2
                0xfff0e320                Excep_SCI2_TEI2
                0xfff0e338                Excep_SCI6_ERI6
                0xfff0e362                Excep_SCI6_RXI6
                0xfff0e38c                Excep_SCI6_TXI6
                0xfff0e3c8                Excep_SCI6_TEI6
                0xfff0e3e0                sci_putc_ex
                0xfff0e55d                sci_putc
                0xfff0e56b                sci_puts_ex
                0xfff0e5a1                sci_puts
                0xfff0e5af                sci_getc_ex
                0xfff0e61b                sci_getc
                0xfff0e627                sci_writedata_ex
                0xfff0e7fe                sci_writedata
                0xfff0e810                sci_readdata_ex
                0xfff0e811                sci_rxcount_ex
                0xfff0e82c                sci_gets_ex
                0xfff0e8a2                sci_gets
                0xfff0e8b4                sci_rxcount
                0xfff0e8c0                sci_init_ex
                0xfff0efba                sci_init
                0xfff0efdc                sci_getport_ex
                0xfff0efe0                sci_convert_crlf_ex
                0xfff0efe7                sci_peek_ex
                0xfff0f015                sci_peek
                0xfff0f021                sci_flush_ex
                0xfff0f038                sci_regist_default
 P              0xfff0f048      0x698 D:\DESARROLLOS\sakura_sketch_v108_e2studio\sakura_sketch_v108_e2studio\src\gr_common\lib\libtkdnhal.a(tkdn_ether.o)
                0xfff0f048                ether_close
                0xfff0f0a0                ether_write
                0xfff0f15d                _eth_fifoInit
                0xfff0f1ce                _eth_fifoWrite
                0xfff0f20c                _eth_fifoRead
                0xfff0f260                ether_read
                0xfff0f31f                Excep_ETHER_EINT
                0xfff0f36b                ether_regist_user_rx_procedure
                0xfff0f374                ether_is_linkup
                0xfff0f380                ether_autonegotiate
                0xfff0f3f6                ether_open
                0xfff0f620                ether_is_100M
                0xfff0f629                ether_is_fullduplex
                0xfff0f632                ether_check_recv
                0xfff0f675                ether_change_macaddr
                0xfff0f6c7                ether_enable_promis
 P              0xfff0f6e0      0x1d0 D:\DESARROLLOS\sakura_sketch_v108_e2studio\sakura_sketch_v108_e2studio\src\gr_common\lib\libtkdnhal.a(tkdn_timer.o)
                0xfff0f747                timer_init
                0xfff0f75a                timer_wait_ms
                0xfff0f7b4                timer_wait_us
                0xfff0f80c                timer_get_ms
                0xfff0f815                timer_get_us
                0xfff0f82b                timer_regist_userfunc
                0xfff0f836                timer_regist_disktimer
                0xfff0f841                timer_regist_ethertimer
                0xfff0f84c                Excep_CMT0_CMI0
 P              0xfff0f8b0      0x308 D:\DESARROLLOS\sakura_sketch_v108_e2studio\sakura_sketch_v108_e2studio\src\gr_common\lib\libtkdnhal.a(tkdn_gpio.o)
                0xfff0f8f9                gpio_set_pinmode
                0xfff0fb27                gpio_write_port
                0xfff0fb85                gpio_read_port
 P              0xfff0fbb8      0x918 D:\DESARROLLOS\sakura_sketch_v108_e2studio\sakura_sketch_v108_e2studio\src\gr_common\lib\libtkdnhal.a(tkdn_pwm.o)
                0xfff0fbb8                pwm_init
                0xfff0fea4                pwm_output
                0xfff100d4                pwm_stop
                0xfff101f2                Excep_TPU0_TGIA0
                0xfff10228                Excep_TPU0_TGIB0
                0xfff10254                Excep_TPU0_TGIC0
                0xfff10281                Excep_TPU0_TGID0
                0xfff102ae                Excep_TPU1_TGIA1
                0xfff102db                Excep_TPU1_TGIB1
                0xfff10308                Excep_TPU2_TGIA2
                0xfff10335                Excep_TPU2_TGIB2
                0xfff10362                Excep_TPU3_TGIA3
                0xfff1038f                Excep_TPU3_TGIB3
                0xfff103bc                Excep_TPU3_TGIC3
                0xfff103e9                Excep_TPU3_TGID3
                0xfff10416                Excep_TPU4_TGIA4
                0xfff10443                Excep_TPU4_TGIB4
                0xfff10470                Excep_TPU5_TGIA5
                0xfff1049d                Excep_TPU5_TGIB5
 P              0xfff104d0      0x238 D:\DESARROLLOS\sakura_sketch_v108_e2studio\sakura_sketch_v108_e2studio\src\gr_common\lib\libtkdnhal.a(tkdn_tone.o)
                0xfff104d0                tone_start_ex
                0xfff10674                tone_start
                0xfff1067a                tone_stop
                0xfff1069c                Excep_CMT1_CMI1
                0xfff106be                Excep_CMT2_CMI2
                0xfff106e3                Excep_CMT3_CMI3
 P              0xfff10708      0x2b8 D:\DESARROLLOS\sakura_sketch_v108_e2studio\sakura_sketch_v108_e2studio\src\gr_common\lib\libtkdnhal.a(tkdn_adc.o)
                0xfff10708                adc_init
                0xfff10746                adc_terminate
                0xfff10762                adc_sample
 P              0xfff109c0       0xf0 D:\DESARROLLOS\sakura_sketch_v108_e2studio\sakura_sketch_v108_e2studio\src\gr_common\lib\libtkdnhal.a(tkdn_dac.o)
                0xfff109c0                dac_init
                0xfff10a0e                dac_terminate
                0xfff10a25                dac_output
 P              0xfff10ab0      0x248 D:\DESARROLLOS\sakura_sketch_v108_e2studio\sakura_sketch_v108_e2studio\src\gr_common\lib\libtkdnhal.a(phy.o)
                0xfff10ab0                _phy_reg_read
                0xfff10aee                _phy_ta_z0
                0xfff10b14                _phy_mii_write_1
                0xfff10b3a                _phy_preamble
                0xfff10b52                _phy_mii_write_0
                0xfff10b78                _phy_ta_10
                0xfff10b80                _phy_reg_write
                0xfff10bbb                _phy_reg_set
                0xfff10c09                _phy_write
                0xfff10c2f                phy_set_10half
                0xfff10c37                phy_set_100full
                0xfff10c41                phy_stop
                0xfff10c4b                _phy_read
                0xfff10c72                phy_set_autonegotiate
                0xfff10cc2                phy_init
 P              0xfff10cf8      0x118 D:\DESARROLLOS\sakura_sketch_v108_e2studio\sakura_sketch_v108_e2studio\src\gr_common\lib\libtkdnhal.a(usb_cdc.o)
                0xfff10d94                TKUSB_Init
                0xfff10e01                TKUSB_IsConnected
 P              0xfff10e10      0x338 D:\DESARROLLOS\sakura_sketch_v108_e2studio\sakura_sketch_v108_e2studio\src\gr_common\lib\libtkdnhal.a(usb_core.o)
                0xfff110ce                USBCORE_Init
 P              0xfff11148      0xf90 D:\DESARROLLOS\sakura_sketch_v108_e2studio\sakura_sketch_v108_e2studio\src\gr_common\lib\libtkdnhal.a(usb_hal.o)
                0xfff11219                TKUSB_RecvByte
                0xfff11278                TKUSB_PeekByte
                0xfff1129e                TKUSB_RecvDataCount
                0xfff112b8                TKUSB_SendByte
                0xfff1132d                TKUSB_SendDataCount
                0xfff11347                USBHAL_Init
                0xfff115ad                USBHAL_Disable
                0xfff115bd                USBHAL_Control_Status
                0xfff115e9                USBHAL_Control_IN
                0xfff1160e                USBHAL_Control_OUT
                0xfff11658                USBHAL_Bulk_OUT
                0xfff11690                ClearOUTBusy
                0xfff1169b                USBHAL_Bulk_IN
                0xfff116db                USBHAL_Interrupt_IN
                0xfff1171b                USBHAL_Control_Stall
                0xfff11745                USBHAL_Bulk_IN_Stall
                0xfff11764                USBHAL_Bulk_OUT_Stall
                0xfff11783                USBHAL_Interrupt_IN_Stall
                0xfff117a2                USBHAL_Bulk_IN_Stall_Clear
                0xfff117dc                USBHAL_Bulk_OUT_Stall_Clear
                0xfff11838                USBHAL_Interrupt_IN_Stall_Clear
                0xfff11872                USBHAL_Bulk_IN_Is_Stalled
                0xfff11892                USBHAL_Bulk_OUT_Is_Stalled
                0xfff118b2                USBHAL_Interrupt_IN_Is_Stalled
                0xfff118d2                USBHAL_Config_Get
                0xfff118d9                USBHAL_Config_Set
                0xfff118ef                USBHAL_Reset
                0xfff11a6a                USBHAL_Cancel
                0xfff11ab8                USBHAL_ResetEndpoints
                0xfff11b8a                USBHALInterruptHandler
 P              0xfff120d8        0x0 D:\DESARROLLOS\sakura_sketch_v108_e2studio\sakura_sketch_v108_e2studio\src\gr_common\lib\libtkdnhal.a(usbdescriptors.o)
 P              0xfff120d8      0xd38 D:\DESARROLLOS\sakura_sketch_v108_e2studio\sakura_sketch_v108_e2studio\src\gr_common\lib\libtkdnhal.a(tkusbhost.o)
                0xfff12225                tkusbh_is_connected
                0xfff12236                tkusbh_init
                0xfff12328                tkusbh_control_msg
                0xfff1262a                tkusbh_bulk_write
                0xfff12761                tkusbh_interrupt_write
                0xfff12838                tkusbh_interrupt_read
                0xfff128a5                tkusbh_bulk_read
                0xfff129dd                tkusbh_start_interrupt_trans
                0xfff12ae0                tkusbh_get_descriptor
                0xfff12afd                tkusbh_set_configuration
                0xfff12b21                tkusbh_enumeration
                0xfff12ce1                tkusbh_get_string
                0xfff12d45                tkusbh_connect
                0xfff12d91                tkusbh_halfway_connect
                0xfff12de0                tkusbh_disconnect
 P              0xfff12e10      0x288 D:\DESARROLLOS\sakura_sketch_v108_e2studio\sakura_sketch_v108_e2studio\src\gr_common\lib\libtkdnhal.a(tkdn_interrupt.o)
                0xfff12e12                attach_interrupt
                0xfff12f36                detach_interrupt
                0xfff12f4e                Excep_IRQ0
                0xfff12f76                Excep_IRQ1
                0xfff12f9f                Excep_IRQ2
                0xfff12fc8                Excep_IRQ3
                0xfff12ff1                Excep_IRQ4
                0xfff1301a                Excep_IRQ5
                0xfff13043                Excep_IRQ6
                0xfff1306c                Excep_IRQ7
 P              0xfff13098      0x9a0 D:\DESARROLLOS\sakura_sketch_v108_e2studio\sakura_sketch_v108_e2studio\src\gr_common\lib\libtkdnhal.a(tkdn_servo.o)
                0xfff13098                servo_attach
                0xfff13370                servo_write_us
                0xfff1344c                servo_write
                0xfff13469                servo_read
                0xfff1346c                servo_detach
                0xfff1360f                Excep_TPU6_TGIA6
                0xfff13640                Excep_TPU6_TGIB6
                0xfff13671                Excep_TPU6_TGIC6
                0xfff136a2                Excep_TPU6_TGID6
                0xfff136d3                Excep_TPU6_TGIE6
                0xfff13704                Excep_TPU6_TGIF6
                0xfff13735                Excep_TPU7_TGIA7